
 Start         Length     Name                   Class
 0001:04401000 000CDB60H .text                   CODE
 0002:044CF000 00000960H .itext                  ICODE
 0003:044D0000 00002AF8H .data                   DATA
 0004:044D3000 0000381CH .bss                    BSS
 0005:00000000 0000003CH .tls                    TLS


Detailed map of segments

 0001:00000000 000066F1 C=CODE     S=.text    G=(none)   M=System   ACBP=A9
 0001:000066F4 00000105 C=CODE     S=.text    G=(none)   M=SysInit  ACBP=A9
 0001:000067FC 000000F9 C=CODE     S=.text    G=(none)   M=Types    ACBP=A9
 0001:000068F8 00000DA4 C=CODE     S=.text    G=(none)   M=Windows  ACBP=A9
 0001:0000769C 00000318 C=CODE     S=.text    G=(none)   M=SysConst ACBP=A9
 0001:000079B4 0000721D C=CODE     S=.text    G=(none)   M=SysUtils ACBP=A9
 0001:0000EBD4 000007EE C=CODE     S=.text    G=(none)   M=VarUtils ACBP=A9
 0001:0000F3C4 00006634 C=CODE     S=.text    G=(none)   M=Variants ACBP=A9
 0001:000159F8 00000148 C=CODE     S=.text    G=(none)   M=RTLConsts ACBP=A9
 0001:00015B40 00000EDF C=CODE     S=.text    G=(none)   M=TypInfo  ACBP=A9
 0001:00016A20 0000D1C9 C=CODE     S=.text    G=(none)   M=Classes  ACBP=A9
 0001:00023BEC 0000005A C=CODE     S=.text    G=(none)   M=Math     ACBP=A9
 0001:00023C48 000002D9 C=CODE     S=.text    G=(none)   M=Contnrs  ACBP=A9
 0001:00023F24 00001100 C=CODE     S=.text    G=(none)   M=HelpIntfs ACBP=A9
 0001:00025024 00000772 C=CODE     S=.text    G=(none)   M=MultiMon ACBP=A9
 0001:00025798 00000296 C=CODE     S=.text    G=(none)   M=CommCtrl ACBP=A9
 0001:00025A30 00000330 C=CODE     S=.text    G=(none)   M=Consts   ACBP=A9
 0001:00025D60 00001169 C=CODE     S=.text    G=(none)   M=IniFiles ACBP=A9
 0001:00026ECC 000005AD C=CODE     S=.text    G=(none)   M=Registry ACBP=A9
 0001:0002747C 0000953A C=CODE     S=.text    G=(none)   M=Graphics ACBP=A9
 0001:000309B8 00000692 C=CODE     S=.text    G=(none)   M=SyncObjs ACBP=A9
 0001:0003104C 0000099D C=CODE     S=.text    G=(none)   M=UxTheme  ACBP=A9
 0001:000319EC 0000000E C=CODE     S=.text    G=(none)   M=ShellAPI ACBP=A9
 0001:000319FC 00000032 C=CODE     S=.text    G=(none)   M=ShlObj   ACBP=A9
 0001:00031A30 0000D1E5 C=CODE     S=.text    G=(none)   M=StdCtrls ACBP=A9
 0001:0003EC18 0000001E C=CODE     S=.text    G=(none)   M=WinSpool ACBP=A9
 0001:0003EC38 0000100A C=CODE     S=.text    G=(none)   M=Printers ACBP=A9
 0001:0003FC44 0000001E C=CODE     S=.text    G=(none)   M=CommDlg  ACBP=A9
 0001:0003FC64 00000D59 C=CODE     S=.text    G=(none)   M=GraphUtil ACBP=A9
 0001:000409C0 0000391E C=CODE     S=.text    G=(none)   M=ExtCtrls ACBP=A9
 0001:000442E0 000034A8 C=CODE     S=.text    G=(none)   M=Dialogs  ACBP=A9
 0001:00047788 0000003A C=CODE     S=.text    G=(none)   M=Clipbrd  ACBP=A9
 0001:000477C4 0000012D C=CODE     S=.text    G=(none)   M=StdActns ACBP=A9
 0001:000478F4 0000030E C=CODE     S=.text    G=(none)   M=FlatSB   ACBP=A9
 0001:00047C04 00000BBE C=CODE     S=.text    G=(none)   M=Themes   ACBP=A9
 0001:000487C4 00006A81 C=CODE     S=.text    G=(none)   M=Menus    ACBP=A9
 0001:0004F248 00013E68 C=CODE     S=.text    G=(none)   M=Controls ACBP=A9
 0001:000630B0 0000187D C=CODE     S=.text    G=(none)   M=ImgList  ACBP=A9
 0001:00064930 00001332 C=CODE     S=.text    G=(none)   M=ActnList ACBP=A9
 0001:00065C64 0000DEF4 C=CODE     S=.text    G=(none)   M=Forms    ACBP=A9
 0001:00073B58 000000CD C=CODE     S=.text    G=(none)   M=Buttons  ACBP=A9
 0001:00073C28 00000006 C=CODE     S=.text    G=(none)   M=FileCtrl ACBP=A9
 0001:00073C30 00000513 C=CODE     S=.text    G=(none)   M=FormScript ACBP=A9
 0001:00074144 00000A80 C=CODE     S=.text    G=(none)   M=Utility  ACBP=A9
 0001:00074BC4 000007C9 C=CODE     S=.text    G=(none)   M=Persistence ACBP=A9
 0001:00075390 000001FD C=CODE     S=.text    G=(none)   M=Core     ACBP=A9
 0001:00075590 0000007C C=CODE     S=.text    G=(none)   M=ExtDlgs  ACBP=A9
 0001:0007560C 00000062 C=CODE     S=.text    G=(none)   M=Mapi     ACBP=A9
 0001:00075670 0000004D C=CODE     S=.text    G=(none)   M=ExtActns ACBP=A9
 0001:000756C0 00000068 C=CODE     S=.text    G=(none)   M=ComStrs  ACBP=A9
 0001:00075728 0000C2A0 C=CODE     S=.text    G=(none)   M=ComCtrls ACBP=A9
 0001:000819C8 00000746 C=CODE     S=.text    G=(none)   M=FormHistory ACBP=A9
 0001:00082110 000000F6 C=CODE     S=.text    G=(none)   M=WinSock  ACBP=A9
 0001:00082208 000039B2 C=CODE     S=.text    G=(none)   M=ScktComp ACBP=A9
 0001:00085BBC 00000241 C=CODE     S=.text    G=(none)   M=FormLicense ACBP=A9
 0001:00085E00 00000018 C=CODE     S=.text    G=(none)   M=JConsts  ACBP=A9
 0001:00085E18 00013354 C=CODE     S=.text    G=(none)   M=jpeg     ACBP=A9
 0001:0009916C 0000050C C=CODE     S=.text    G=(none)   M=GUI      ACBP=A9
 0001:00099678 00002668 C=CODE     S=.text    G=(none)   M=FormSetup ACBP=A9
 0001:0009BCE0 000002DE C=CODE     S=.text    G=(none)   M=FormAbout ACBP=A9
 0001:0009BFC0 0000D09F C=CODE     S=.text    G=(none)   M=Menu     ACBP=A9
 0001:000A9060 00000E0B C=CODE     S=.text    G=(none)   M=Log      ACBP=A9
 0001:000A9E6C 00001008 C=CODE     S=.text    G=(none)   M=TWXExport ACBP=A9
 0001:000AAE74 00001050 C=CODE     S=.text    G=(none)   M=Bubble   ACBP=A9
 0001:000ABEC4 000026E1 C=CODE     S=.text    G=(none)   M=TCP      ACBP=A9
 0001:000AE5A8 00000600 C=CODE     S=.text    G=(none)   M=Encryptor ACBP=A9
 0001:000AEBA8 00004E58 C=CODE     S=.text    G=(none)   M=ScriptCmp ACBP=A9
 0001:000B3A00 00002865 C=CODE     S=.text    G=(none)   M=DataBase ACBP=A9
 0001:000B6268 00003E4C C=CODE     S=.text    G=(none)   M=Process  ACBP=A9
 0001:000BA0B4 00000006 C=CODE     S=.text    G=(none)   M=MMSystem ACBP=A9
 0001:000BA0BC 0000C6A8 C=CODE     S=.text    G=(none)   M=ScriptCmd ACBP=A9
 0001:000C6764 00000A4E C=CODE     S=.text    G=(none)   M=ScriptRef ACBP=A9
 0001:000C71B4 000034CD C=CODE     S=.text    G=(none)   M=Script   ACBP=A9
 0001:000CA684 00002947 C=CODE     S=.text    G=(none)   M=FormMain ACBP=A9
 0001:000CCFCC 00000B94 C=CODE     S=.text    G=(none)   M=TWXProxy ACBP=A9
 0002:00000000 00000095 C=ICODE    S=.itext   G=(none)   M=System   ACBP=A9
 0002:00000098 00000011 C=ICODE    S=.itext   G=(none)   M=Windows  ACBP=A9
 0002:000000AC 00000088 C=ICODE    S=.itext   G=(none)   M=SysUtils ACBP=A9
 0002:00000134 0000000F C=ICODE    S=.itext   G=(none)   M=VarUtils ACBP=A9
 0002:00000144 000000AA C=ICODE    S=.itext   G=(none)   M=Variants ACBP=A9
 0002:000001F0 00000008 C=ICODE    S=.itext   G=(none)   M=TypInfo  ACBP=A9
 0002:000001F8 00000092 C=ICODE    S=.itext   G=(none)   M=Classes  ACBP=A9
 0002:0000028C 00000008 C=ICODE    S=.itext   G=(none)   M=HelpIntfs ACBP=A9
 0002:00000294 0000000F C=ICODE    S=.itext   G=(none)   M=MultiMon ACBP=A9
 0002:000002A4 00000008 C=ICODE    S=.itext   G=(none)   M=IniFiles ACBP=A9
 0002:000002AC 00000008 C=ICODE    S=.itext   G=(none)   M=Registry ACBP=A9
 0002:000002B4 000000FB C=ICODE    S=.itext   G=(none)   M=Graphics ACBP=A9
 0002:000003B0 0000001B C=ICODE    S=.itext   G=(none)   M=UxTheme  ACBP=A9
 0002:000003CC 00000008 C=ICODE    S=.itext   G=(none)   M=Printers ACBP=A9
 0002:000003D4 0000007F C=ICODE    S=.itext   G=(none)   M=GraphUtil ACBP=A9
 0002:00000454 00000044 C=ICODE    S=.itext   G=(none)   M=ExtCtrls ACBP=A9
 0002:00000498 0000003D C=ICODE    S=.itext   G=(none)   M=Dialogs  ACBP=A9
 0002:000004D8 00000058 C=ICODE    S=.itext   G=(none)   M=Clipbrd  ACBP=A9
 0002:00000530 0000000F C=ICODE    S=.itext   G=(none)   M=FlatSB   ACBP=A9
 0002:00000540 00000008 C=ICODE    S=.itext   G=(none)   M=Themes   ACBP=A9
 0002:00000548 00000085 C=ICODE    S=.itext   G=(none)   M=Menus    ACBP=A9
 0002:000005D0 0000008F C=ICODE    S=.itext   G=(none)   M=Controls ACBP=A9
 0002:00000660 0000002A C=ICODE    S=.itext   G=(none)   M=ActnList ACBP=A9
 0002:0000068C 0000004C C=ICODE    S=.itext   G=(none)   M=Forms    ACBP=A9
 0002:000006D8 00000025 C=ICODE    S=.itext   G=(none)   M=Buttons  ACBP=A9
 0002:00000700 00000014 C=ICODE    S=.itext   G=(none)   M=ExtDlgs  ACBP=A9
 0002:00000714 00000008 C=ICODE    S=.itext   G=(none)   M=Mapi     ACBP=A9
 0002:0000071C 00000008 C=ICODE    S=.itext   G=(none)   M=ExtActns ACBP=A9
 0002:00000724 00000008 C=ICODE    S=.itext   G=(none)   M=ComCtrls ACBP=A9
 0002:0000072C 000000B0 C=ICODE    S=.itext   G=(none)   M=jpeg     ACBP=A9
 0002:000007DC 00000014 C=ICODE    S=.itext   G=(none)   M=GUI      ACBP=A9
 0002:000007F0 00000008 C=ICODE    S=.itext   G=(none)   M=DataBase ACBP=A9
 0002:000007F8 00000038 C=ICODE    S=.itext   G=(none)   M=ScriptCmd ACBP=A9
 0002:00000830 00000008 C=ICODE    S=.itext   G=(none)   M=Script   ACBP=A9
 0002:00000838 00000128 C=ICODE    S=.itext   G=(none)   M=TWXProxy ACBP=A9
 0003:00000000 000007B8 C=DATA     S=.data    G=DGROUP   M=System   ACBP=A9
 0003:000007B8 00000020 C=DATA     S=.data    G=DGROUP   M=SysInit  ACBP=A9
 0003:000007D8 0000024C C=DATA     S=.data    G=DGROUP   M=SysUtils ACBP=A9
 0003:00000A24 00000008 C=DATA     S=.data    G=DGROUP   M=VarUtils ACBP=A9
 0003:00000A2C 00000136 C=DATA     S=.data    G=DGROUP   M=Variants ACBP=A9
 0003:00000B64 0000000C C=DATA     S=.data    G=DGROUP   M=TypInfo  ACBP=A9
 0003:00000B70 00000100 C=DATA     S=.data    G=DGROUP   M=Classes  ACBP=A9
 0003:00000C70 00000008 C=DATA     S=.data    G=DGROUP   M=IniFiles ACBP=A9
 0003:00000C78 00000008 C=DATA     S=.data    G=DGROUP   M=Registry ACBP=A9
 0003:00000C80 00000314 C=DATA     S=.data    G=DGROUP   M=Graphics ACBP=A9
 0003:00000F94 00000164 C=DATA     S=.data    G=DGROUP   M=StdCtrls ACBP=A9
 0003:000010F8 00000004 C=DATA     S=.data    G=DGROUP   M=Printers ACBP=A9
 0003:000010FC 00000450 C=DATA     S=.data    G=DGROUP   M=GraphUtil ACBP=A9
 0003:0000154C 00000020 C=DATA     S=.data    G=DGROUP   M=ExtCtrls ACBP=A9
 0003:0000156C 00000174 C=DATA     S=.data    G=DGROUP   M=Dialogs  ACBP=A9
 0003:000016E0 00000068 C=DATA     S=.data    G=DGROUP   M=Themes   ACBP=A9
 0003:00001748 000000F4 C=DATA     S=.data    G=DGROUP   M=Menus    ACBP=A9
 0003:0000183C 0000013C C=DATA     S=.data    G=DGROUP   M=Controls ACBP=A9
 0003:00001978 00000020 C=DATA     S=.data    G=DGROUP   M=ImgList  ACBP=A9
 0003:00001998 00000128 C=DATA     S=.data    G=DGROUP   M=Forms    ACBP=A9
 0003:00001AC0 0000002C C=DATA     S=.data    G=DGROUP   M=Buttons  ACBP=A9
 0003:00001AEC 00000018 C=DATA     S=.data    G=DGROUP   M=ExtDlgs  ACBP=A9
 0003:00001B04 00000008 C=DATA     S=.data    G=DGROUP   M=Mapi     ACBP=A9
 0003:00001B0C 000000E0 C=DATA     S=.data    G=DGROUP   M=ComCtrls ACBP=A9
 0003:00001BEC 00000908 C=DATA     S=.data    G=DGROUP   M=jpeg     ACBP=A9
 0003:000024F4 00000014 C=DATA     S=.data    G=DGROUP   M=GUI      ACBP=A9
 0003:00002508 0000001C C=DATA     S=.data    G=DGROUP   M=DataBase ACBP=A9
 0003:00002524 0000001E C=DATA     S=.data    G=DGROUP   M=ScriptCmd ACBP=A9
 0003:00002544 00000040 C=DATA     S=.data    G=DGROUP   M=ScriptRef ACBP=A9
 0003:00002584 00000014 C=DATA     S=.data    G=DGROUP   M=Script   ACBP=A9
 0003:00002598 00000024 C=DATA     S=.data    G=DGROUP   M=TWXProxy ACBP=A9
 0004:00000000 000027F0 C=BSS      S=.bss     G=DGROUP   M=System   ACBP=A9
 0004:000027F0 0000000C C=BSS      S=.bss     G=DGROUP   M=SysInit  ACBP=A9
 0004:000027FC 00000008 C=BSS      S=.bss     G=DGROUP   M=Windows  ACBP=A9
 0004:00002804 00000A20 C=BSS      S=.bss     G=DGROUP   M=SysUtils ACBP=A9
 0004:00003224 0000005C C=BSS      S=.bss     G=DGROUP   M=VarUtils ACBP=A9
 0004:00003280 00000040 C=BSS      S=.bss     G=DGROUP   M=Variants ACBP=A9
 0004:000032C0 00000004 C=BSS      S=.bss     G=DGROUP   M=TypInfo  ACBP=A9
 0004:000032C4 00000044 C=BSS      S=.bss     G=DGROUP   M=Classes  ACBP=A9
 0004:00003308 00000008 C=BSS      S=.bss     G=DGROUP   M=HelpIntfs ACBP=A9
 0004:00003310 00000031 C=BSS      S=.bss     G=DGROUP   M=MultiMon ACBP=A9
 0004:00003344 00000008 C=BSS      S=.bss     G=DGROUP   M=CommCtrl ACBP=A9
 0004:0000334C 00000004 C=BSS      S=.bss     G=DGROUP   M=IniFiles ACBP=A9
 0004:00003350 00000004 C=BSS      S=.bss     G=DGROUP   M=Registry ACBP=A9
 0004:00003354 00000060 C=BSS      S=.bss     G=DGROUP   M=Graphics ACBP=A9
 0004:000033B4 00000004 C=BSS      S=.bss     G=DGROUP   M=SyncObjs ACBP=A9
 0004:000033B8 000000CC C=BSS      S=.bss     G=DGROUP   M=UxTheme  ACBP=A9
 0004:00003484 00000004 C=BSS      S=.bss     G=DGROUP   M=Printers ACBP=A9
 0004:00003488 00000004 C=BSS      S=.bss     G=DGROUP   M=GraphUtil ACBP=A9
 0004:0000348C 00000008 C=BSS      S=.bss     G=DGROUP   M=ExtCtrls ACBP=A9
 0004:00003494 0000003C C=BSS      S=.bss     G=DGROUP   M=Dialogs  ACBP=A9
 0004:000034D0 0000000C C=BSS      S=.bss     G=DGROUP   M=Clipbrd  ACBP=A9
 0004:000034DC 00000034 C=BSS      S=.bss     G=DGROUP   M=FlatSB   ACBP=A9
 0004:00003510 00000008 C=BSS      S=.bss     G=DGROUP   M=Themes   ACBP=A9
 0004:00003518 00000010 C=BSS      S=.bss     G=DGROUP   M=Menus    ACBP=A9
 0004:00003528 00000088 C=BSS      S=.bss     G=DGROUP   M=Controls ACBP=A9
 0004:000035B0 00000008 C=BSS      S=.bss     G=DGROUP   M=ImgList  ACBP=A9
 0004:000035B8 00000004 C=BSS      S=.bss     G=DGROUP   M=ActnList ACBP=A9
 0004:000035BC 00000024 C=BSS      S=.bss     G=DGROUP   M=Forms    ACBP=A9
 0004:000035E0 00000030 C=BSS      S=.bss     G=DGROUP   M=Buttons  ACBP=A9
 0004:00003610 00000004 C=BSS      S=.bss     G=DGROUP   M=ExtDlgs  ACBP=A9
 0004:00003614 00000004 C=BSS      S=.bss     G=DGROUP   M=Mapi     ACBP=A9
 0004:00003618 00000009 C=BSS      S=.bss     G=DGROUP   M=ExtActns ACBP=A9
 0004:00003624 00000010 C=BSS      S=.bss     G=DGROUP   M=ComCtrls ACBP=A9
 0004:00003634 00000190 C=BSS      S=.bss     G=DGROUP   M=ScktComp ACBP=A9
 0004:000037C4 00000004 C=BSS      S=.bss     G=DGROUP   M=jpeg     ACBP=A9
 0004:000037C8 00000004 C=BSS      S=.bss     G=DGROUP   M=GUI      ACBP=A9
 0004:000037CC 00000001 C=BSS      S=.bss     G=DGROUP   M=FormSetup ACBP=A9
 0004:000037D0 00000024 C=BSS      S=.bss     G=DGROUP   M=Global   ACBP=A9
 0004:000037F4 00000004 C=BSS      S=.bss     G=DGROUP   M=DataBase ACBP=A9
 0004:000037F8 00000014 C=BSS      S=.bss     G=DGROUP   M=ScriptCmd ACBP=A9
 0004:0000380C 00000004 C=BSS      S=.bss     G=DGROUP   M=Script   ACBP=A9
 0004:00003810 0000000C C=BSS      S=.bss     G=DGROUP   M=TWXProxy ACBP=A9
 0005:00000000 00000008 C=TLS      S=.tls     G=(none)   M=System   ACBP=A9
 0005:00000008 00000008 C=TLS      S=.tls     G=(none)   M=Classes  ACBP=A9
 0005:00000010 00000004 C=TLS      S=.tls     G=(none)   M=SyncObjs ACBP=A9
 0005:00000014 00000024 C=TLS      S=.tls     G=(none)   M=GraphUtil ACBP=A9
 0005:00000038 00000004 C=TLS      S=.tls     G=(none)   M=ScktComp ACBP=A9


  Address             Publics by Name

 0004:000035B8       ActnList..9
 0001:00064D58       ActnList..TActionLink
 0001:00064930       ActnList..TContainedAction
 0001:00064C50       ActnList..TCustomAction
 0001:00064A54       ActnList..TCustomActionList
 0001:00064B34       ActnList..TShortCutList
 0002:00000660       ActnList.ActnList
 0001:00065C34       ActnList.Finalization
 0001:00065448       ActnList.TActionLink.IsCaptionLinked
 0001:0006545C       ActnList.TActionLink.IsCheckedLinked
 0001:00065470       ActnList.TActionLink.IsEnabledLinked
 0001:00065484       ActnList.TActionLink.IsGroupIndexLinked
 0001:00065498       ActnList.TActionLink.IsHelpContextLinked
 0001:000654AC       ActnList.TActionLink.IsHelpLinked
 0001:000654C0       ActnList.TActionLink.IsHintLinked
 0001:000654D4       ActnList.TActionLink.IsImageIndexLinked
 0001:000654E8       ActnList.TActionLink.IsShortCutLinked
 0001:000654FC       ActnList.TActionLink.IsVisibleLinked
 0001:00065510       ActnList.TActionLink.SetAutoCheck
 0001:00065514       ActnList.TActionLink.SetCaption
 0001:00065518       ActnList.TActionLink.SetChecked
 0001:0006551C       ActnList.TActionLink.SetEnabled
 0001:00065520       ActnList.TActionLink.SetGroupIndex
 0001:00065524       ActnList.TActionLink.SetHelpContext
 0001:00065528       ActnList.TActionLink.SetHelpKeyword
 0001:0006552C       ActnList.TActionLink.SetHelpType
 0001:00065530       ActnList.TActionLink.SetHint
 0001:00065534       ActnList.TActionLink.SetImageIndex
 0001:00065538       ActnList.TActionLink.SetShortCut
 0001:0006553C       ActnList.TActionLink.SetVisible
 0001:00064E28       ActnList.TContainedAction.Destroy
 0001:00064F94       ActnList.TContainedAction.Execute
 0001:00064E5C       ActnList.TContainedAction.GetIndex
 0001:00064E78       ActnList.TContainedAction.GetParentComponent
 0001:00064E88       ActnList.TContainedAction.HasParent
 0001:00064E74       ActnList.TContainedAction.IsCategoryStored
 0001:00064E98       ActnList.TContainedAction.ReadState
 0001:00064F40       ActnList.TContainedAction.SetActionList
 0001:00064F14       ActnList.TContainedAction.SetCategory
 0001:00064ECC       ActnList.TContainedAction.SetIndex
 0001:00064F68       ActnList.TContainedAction.SetParentComponent
 0001:00064FEC       ActnList.TContainedAction.Update
 0001:000655E4       ActnList.TCustomAction.AssignTo
 0001:00065540       ActnList.TCustomAction.Create
 0001:00065594       ActnList.TCustomAction.Destroy
 0001:00065B04       ActnList.TCustomAction.DoHint
 0001:00065B2C       ActnList.TCustomAction.Execute
 0001:00065B90       ActnList.TCustomAction.GetSecondaryShortCuts
 0001:00065BB8       ActnList.TCustomAction.HandleShortCut
 0001:00065694       ActnList.TCustomAction.SetCaption
 0001:000656F4       ActnList.TCustomAction.SetChecked
 0001:000657FC       ActnList.TCustomAction.SetEnabled
 0001:000658E0       ActnList.TCustomAction.SetHelpContext
 0001:00065878       ActnList.TCustomAction.SetHelpKeyword
 0001:00065938       ActnList.TCustomAction.SetHint
 0001:00065998       ActnList.TCustomAction.SetImageIndex
 0001:00065AB8       ActnList.TCustomAction.SetName
 0001:000659F4       ActnList.TCustomAction.SetShortCut
 0001:00065A58       ActnList.TCustomAction.SetVisible
 0001:0006521C       ActnList.TCustomActionList.AddAction
 0001:00065258       ActnList.TCustomActionList.Change
 0001:00065044       ActnList.TCustomActionList.Create
 0001:000650B0       ActnList.TCustomActionList.Destroy
 0001:00065364       ActnList.TCustomActionList.ExecuteAction
 0001:00065178       ActnList.TCustomActionList.GetAction
 0001:0006518C       ActnList.TCustomActionList.GetActionCount
 0001:00065100       ActnList.TCustomActionList.GetChildren
 0001:000651C8       ActnList.TCustomActionList.ImageListChange
 0001:000652C0       ActnList.TCustomActionList.IsShortCut
 0001:000651D4       ActnList.TCustomActionList.Notification
 0001:0006523C       ActnList.TCustomActionList.RemoveAction
 0001:00065148       ActnList.TCustomActionList.SetChildOrder
 0001:00065194       ActnList.TCustomActionList.SetImages
 0001:000653A4       ActnList.TCustomActionList.SetState
 0001:00065384       ActnList.TCustomActionList.UpdateAction
 0001:00065BC4       ActnList.TShortCutList.Add
 0001:00065BF0       ActnList.TShortCutList.IndexOfShortCut
 0001:000AAEDC       Bubble..TModBubble
 0001:000AB238       Bubble.CheckBubble
 0001:000AB22C       Bubble.SortList
 0001:000AAFC0       Bubble.TModBubble.AfterConstruction
 0001:000AB790       Bubble.TModBubble.DumpBubbles
 0001:000ABA0C       Bubble.TModBubble.ExportBubbles
 0001:000ABEBC       Bubble.TModBubble.GetMaxBubbleSize
 0001:000AAFDC       Bubble.TModBubble.IsClosedArea
 0001:000ABEC0       Bubble.TModBubble.SetMaxBubbleSize
 0001:000ABA1C       Bubble.TModBubble.ShowBubble
 0001:000AB110       Bubble.TModBubble.TestBubble
 0001:000AB29C       Bubble.TModBubble.WriteBubbles
 0004:000035E0       Buttons..5
 0003:00001AC0       Buttons.BitBtnCaptions
 0004:000035E4       Buttons.BitBtnGlyphs
 0002:000006D8       Buttons.Buttons
 0001:00073B58       Buttons.DestroyLocals
 0001:00073BF0       Buttons.Finalization
 0004:000032D0       Classes..95
 0001:00016FE8       Classes..EBitsError
 0001:00016ED8       Classes..EClassNotFound
 0001:000170A0       Classes..EComponentError
 0001:00016D1C       Classes..EFCreateError
 0001:00016DD0       Classes..EFilerError
 0001:00016CBC       Classes..EFileStreamError
 0001:00016D78       Classes..EFOpenError
 0001:00017158       Classes..EInvalidOperation
 0001:00016F90       Classes..EListError
 0001:000170FC       Classes..EOutOfResources
 0001:00016E28       Classes..EReadError
 0001:00016F34       Classes..EResNotFound
 0001:00016C60       Classes..EStreamError
 0001:00017040       Classes..EStringListError
 0001:00017D64       Classes..EThread
 0001:00016E80       Classes..EWriteError
 0001:0001810C       Classes..TBasicAction
 0001:0001808C       Classes..TBasicActionLink
 0001:00017294       Classes..TBits
 0001:00017B90       Classes..TClassFinder
 0001:00017F2C       Classes..TComponent
 0001:00017884       Classes..TCustomMemoryStream
 0001:00017BEC       Classes..TFiler
 0001:000177FC       Classes..TFileStream
 0001:00017784       Classes..THandleStream
 0001:00018FD0       Classes..TIntConst
 0001:000173D8       Classes..TInterfacedPersistent
 0001:000171B8       Classes..TList
 0001:00017900       Classes..TMemoryStream
 0001:000172E8       Classes..TPersistent
 0001:0001C9C8       Classes..TPropFixup
 0001:0001CA40       Classes..TPropIntfFixup
 0001:00017C50       Classes..TReader
 0001:000182AC       Classes..TRegGroup
 0001:00018304       Classes..TRegGroups
 0001:0001797C       Classes..TResourceStream
 0001:00017714       Classes..TStream
 0001:00017B08       Classes..TStreamAdapter
 0001:000175FC       Classes..TStringList
 0001:000174C4       Classes..TStrings
 0001:00017DB8       Classes..TThread
 0001:0001723C       Classes..TThreadList
 0001:00017CE4       Classes..TWriter
 0001:00018F74       Classes.ActivateClassGroup
 0003:00000B70       Classes.AddDataModule
 0001:0001CCA0       Classes.AddFinished
 0001:0001CCD8       Classes.AddNotFinished
 0001:0001D84C       Classes.AddSubComponentsToLoaded
 0001:000220BC       Classes.AddThread
 0001:00023A60       Classes.AllocateHWnd
 0001:0002072C       Classes.AncestorIsValid
 0003:00000B80       Classes.ApplicationHandleException
 0003:00000B88       Classes.ApplicationShowException
 0001:00019348       Classes.BeginGlobalLoading
 0001:00021FA8       Classes.BinToHex
 0003:00000C44       Classes.BlockCode
 0001:00018254       Classes.Bounds
 0001:0002399C       Classes.CalcJmpOffset
 0001:0001D888       Classes.CheckSubComponents
 0001:000220D4       Classes.CheckSynchronize
 0002:000001F8       Classes.Classes
 0001:00018D38       Classes.ClassNotFound
 0001:00019608       Classes.CollectionsEqual
 0001:0001D968       Classes.ComponentCreated
 0003:00000BA4       Classes.Convert
 0003:00000BB4       Classes.Convert
 0001:0001D9E8       Classes.CreateComponent
 0001:00023B14       Classes.DeallocateHWnd
 0001:00022070       Classes.DoneThreadSynchronization
 0001:0001A964       Classes.DoWrite
 0001:000193D0       Classes.EndGlobalLoading
 0001:0001C800       Classes.Error
 0001:000188D8       Classes.Error
 0001:0001972C       Classes.ExtractStrings
 0003:00000B98       Classes.FilerSignature
 0001:00023B3C       Classes.Finalization
 0001:0001FE18       Classes.FindAncestor
 0001:00018DF8       Classes.FindClass
 0001:0001DB98       Classes.FindExistingComponent
 0001:00019260       Classes.FindGlobalComponent
 0004:000032DC       Classes.FindGlobalComponentProcs
 0001:00019108       Classes.FindIdentToInt
 0001:0001908C       Classes.FindIntToIdent
 0001:00020BB8       Classes.FindMethodName
 0001:0001CBD4       Classes.FindNestedComponent
 0001:0001EAE8       Classes.FindUniqueName
 0001:00023908       Classes.FreeIntConstList
 0001:00023A3C       Classes.FreeObjectInstance
 0001:00018DA4       Classes.GetClass
 0001:000212A8       Classes.GetComponentValue
 0001:00018D2C       Classes.GetFieldClassTable
 0004:000032E0       Classes.GlobalFixupList
 0001:0001CD20       Classes.GlobalFixupReferences
 0005:0000000C       Classes.GlobalLists
 0005:00000008       Classes.GlobalLoaded
 0004:000032C4       Classes.GlobalNameSpace
 0001:00018F20       Classes.GroupDescendentsWith
 0001:0001E30C       Classes.HandleException
 0001:00021FE4       Classes.HexToBin
 0001:00019184       Classes.IdentToInt
 0001:0001942C       Classes.InitComponent
 0001:000194D4       Classes.InitInheritedComponent
 0001:0002203C       Classes.InitThreadSynchronization
 0004:00003300       Classes.InstBlockList
 0004:00003304       Classes.InstFreeList
 0004:000032D4       Classes.IntConstList
 0001:000192C4       Classes.InternalReadComponentRes
 0001:000191C4       Classes.IntToIdent
 0001:0001827C       Classes.InvalidPoint
 0001:00018290       Classes.InvalidPoint
 0001:00020938       Classes.IsDefault
 0001:000207B4       Classes.IsDefaultFloatProp
 0001:00020810       Classes.IsDefaultInt64Prop
 0001:00020ADC       Classes.IsDefaultInterfaceProp
 0001:00020C24       Classes.IsDefaultMethodProp
 0001:00020990       Classes.IsDefaultObjectProp
 0001:0002075C       Classes.IsDefaultOrdProp
 0001:00020D5C       Classes.IsDefaultPropertyValue
 0001:00020868       Classes.IsDefaultStrProp
 0001:00020A10       Classes.IsDefaultValue
 0001:00020CC4       Classes.IsDefaultVariantProp
 0001:000192A0       Classes.IsUniqueGlobalComponentName
 0004:000032C8       Classes.IsUniqueGlobalComponentNameProc
 0001:000239A4       Classes.MakeObjectInstance
 0001:0001A2D8       Classes.Min
 0001:00023974       Classes.ModuleUnload
 0003:00000B9C       Classes.NilMethod
 0001:000193A0       Classes.NotifyGlobalLoading
 0001:000208F8       Classes.ObjectAncestorMatch
 0001:00021290       Classes.OwnedBy
 0001:00018204       Classes.Point
 0001:00018664       Classes.PointerInModule
 0003:00000C28       Classes.Priorities
 0001:0001D040       Classes.PropertyNotFound
 0001:0001E40C       Classes.PropPathError
 0001:0001D034       Classes.PropValueError
 0001:00019D54       Classes.QuickSort
 0001:0001BF8C       Classes.RaiseException
 0001:0001F69C       Classes.ReadCustomVariant
 0001:0001D01C       Classes.ReadError
 0001:0001D988       Classes.Recover
 0001:0001822C       Classes.Rect
 0004:000032D8       Classes.RegGroups
 0001:00018E18       Classes.RegisterClass
 0001:00019208       Classes.RegisterFindGlobalComponentProc
 0001:00019060       Classes.RegisterIntegerConsts
 0003:00000B78       Classes.RemoveDataModule
 0001:0001CEEC       Classes.RemoveFixupReferences
 0001:0001CF98       Classes.RemoveFixups
 0001:0001D330       Classes.RemoveGlobalFixup
 0001:000220C8       Classes.RemoveThread
 0001:00022088       Classes.ResetSyncEvent
 0001:00019A40       Classes.ReturnAddr
 0001:0001AAC4       Classes.ReturnAddr
 0001:0001DAF8       Classes.SetCompName
 0001:0001D06C       Classes.SetElementValue
 0001:0001E710       Classes.SetInterfaceReference
 0001:0001E62C       Classes.SetIntIdent
 0001:0001E674       Classes.SetObjectIdent
 0001:0001D900       Classes.SetSubComponentState
 0001:0001E6B4       Classes.SetVariantReference
 0001:000220B0       Classes.SignalSyncEvent
 0001:0001F1BC       Classes.SkipBinary
 0001:0001F1EC       Classes.SkipCollection
 0001:0001F194       Classes.SkipList
 0001:0001821C       Classes.SmallPoint
 0001:00018ED4       Classes.StartClassGroup
 0001:0002397C       Classes.StdWndProc
 0001:0001BDB4       Classes.StringListCompareStrings
 0004:000032CC       Classes.SyncEvent
 0003:00000C24       Classes.SyncList
 0001:00023374       Classes.TBasicAction.Change
 0001:00023208       Classes.TBasicAction.Create
 0001:0002324C       Classes.TBasicAction.Destroy
 0001:000232E0       Classes.TBasicAction.Execute
 0001:000232B0       Classes.TBasicAction.ExecuteTarget
 0001:000232AC       Classes.TBasicAction.HandlesTarget
 0001:000232B4       Classes.TBasicAction.Notification
 0001:00023388       Classes.TBasicAction.RegisterChanges
 0001:000233D4       Classes.TBasicAction.SetActionComponent
 0001:00023318       Classes.TBasicAction.SetOnExecute
 0001:00023394       Classes.TBasicAction.UnRegisterChanges
 0001:000232FC       Classes.TBasicAction.Update
 0001:000232DC       Classes.TBasicAction.UpdateTarget
 0001:00023158       Classes.TBasicActionLink.AssignClient
 0001:00023190       Classes.TBasicActionLink.Change
 0001:00023114       Classes.TBasicActionLink.Create
 0001:0002315C       Classes.TBasicActionLink.Destroy
 0001:000231A8       Classes.TBasicActionLink.Execute
 0001:000231F0       Classes.TBasicActionLink.IsOnExecuteLinked
 0001:000231C4       Classes.TBasicActionLink.SetAction
 0001:000231F4       Classes.TBasicActionLink.SetOnExecute
 0001:000231FC       Classes.TBasicActionLink.Update
 0001:0001A290       Classes.TBits.Destroy
 0001:0001A2C0       Classes.TBits.Error
 0001:0001A3B4       Classes.TBits.OpenBit
 0001:0001A388       Classes.TBits.SetBit
 0001:0001A2E4       Classes.TBits.SetSize
 0001:00018B48       Classes.TClassFinder.Create
 0001:00018C74       Classes.TClassFinder.Destroy
 0001:00018CA4       Classes.TClassFinder.GetClass
 0001:0001A6B4       Classes.TCollection.Add
 0001:0001A6D4       Classes.TCollection.Clear
 0001:0001A73C       Classes.TCollection.GetCount
 0001:0001A744       Classes.TCollection.GetItem
 0001:000229AC       Classes.TComponent.BeforeDestruction
 0001:00022EE4       Classes.TComponent.ChangeName
 0001:000228E4       Classes.TComponent.Create
 0001:00022C74       Classes.TComponent.DefineProperties
 0001:00022930       Classes.TComponent.Destroy
 0001:00022B3C       Classes.TComponent.DestroyComponents
 0001:00022B98       Classes.TComponent.Destroying
 0001:00023020       Classes.TComponent.ExecuteAction
 0001:00022E04       Classes.TComponent.FindComponent
 0001:000229B8       Classes.TComponent.FreeNotification
 0001:00022D08       Classes.TComponent.GetChildOwner
 0001:00022D0C       Classes.TComponent.GetChildParent
 0001:00022D00       Classes.TComponent.GetChildren
 0001:00022EF8       Classes.TComponent.GetComponent
 0001:00022F24       Classes.TComponent.GetComponentCount
 0001:00022D10       Classes.TComponent.GetNamePath
 0001:00022D24       Classes.TComponent.GetOwner
 0001:00022D2C       Classes.TComponent.GetParentComponent
 0001:00022CFC       Classes.TComponent.HasParent
 0001:00022A4C       Classes.TComponent.Insert
 0001:00022AA0       Classes.TComponent.InsertComponent
 0001:00023110       Classes.TComponent.IntfGetComponent
 0001:00022D4C       Classes.TComponent.Loaded
 0001:00022C14       Classes.TComponent.Notification
 0001:00022D58       Classes.TComponent.PaletteCreated
 0001:00023090       Classes.TComponent.QueryInterface
 0001:00022A0C       Classes.TComponent.ReadLeft
 0001:00022D5C       Classes.TComponent.ReadState
 0001:00022A20       Classes.TComponent.ReadTop
 0001:00022A78       Classes.TComponent.Remove
 0001:00022B04       Classes.TComponent.RemoveComponent
 0001:00022BF8       Classes.TComponent.RemoveFreeNotification
 0001:00022BD4       Classes.TComponent.RemoveNotification
 0001:00023070       Classes.TComponent.SafeCallException
 0001:00022D28       Classes.TComponent.SetChildOrder
 0001:00022F34       Classes.TComponent.SetComponentIndex
 0001:00022F88       Classes.TComponent.SetDesigning
 0001:00022E54       Classes.TComponent.SetName
 0001:00022D30       Classes.TComponent.SetParentComponent
 0001:00022FD8       Classes.TComponent.SetReference
 0001:00023048       Classes.TComponent.UpdateAction
 0001:00022D40       Classes.TComponent.Updated
 0001:00023088       Classes.TComponent.UpdateRegistry
 0001:00022D34       Classes.TComponent.Updating
 0001:00022DEC       Classes.TComponent.ValidateContainer
 0001:00022E00       Classes.TComponent.ValidateInsert
 0001:00022D6C       Classes.TComponent.ValidateRename
 0001:00022A34       Classes.TComponent.WriteLeft
 0001:00022D64       Classes.TComponent.WriteState
 0001:00022A40       Classes.TComponent.WriteTop
 0001:000230D0       Classes.TComponent._AddRef
 0001:000230F0       Classes.TComponent._Release
 0001:0001C5AC       Classes.TCustomMemoryStream.Read
 0001:0001C5E4       Classes.TCustomMemoryStream.Seek
 0001:0001C5A4       Classes.TCustomMemoryStream.SetPointer
 0001:0001C954       Classes.TFiler.Create
 0001:0001C99C       Classes.TFiler.Destroy
 0001:0001C9C4       Classes.TFiler.SetRoot
 0001:0001C3FC       Classes.TFileStream.Create
 0001:0001C3B8       Classes.TFileStream.Create
 0001:0001C570       Classes.TFileStream.Destroy
 0001:0001C2F4       Classes.THandleStream.Create
 0001:0001C330       Classes.THandleStream.Read
 0001:0001C350       Classes.THandleStream.Seek
 0001:0001C390       Classes.THandleStream.SetSize
 0001:0001C37C       Classes.THandleStream.SetSize
 0001:0001C340       Classes.THandleStream.Write
 0004:000032FC       Classes.ThreadCount
 0004:000032E4       Classes.ThreadLock
 0001:000222AC       Classes.ThreadProc
 0001:00019028       Classes.TIntConst.Create
 0001:0001A5FC       Classes.TInterfacedPersistent.AfterConstruction
 0001:0001A68C       Classes.TInterfacedPersistent.QueryInterface
 0001:0001A64C       Classes.TInterfacedPersistent._AddRef
 0001:0001A66C       Classes.TInterfacedPersistent._Release
 0001:00019990       Classes.TList.Add
 0001:00019DFC       Classes.TList.Assign
 0001:000199C4       Classes.TList.Clear
 0001:000199DC       Classes.TList.Delete
 0001:00019970       Classes.TList.Destroy
 0001:00019A7C       Classes.TList.Error
 0001:00019A44       Classes.TList.Error
 0001:00019AD0       Classes.TList.Exchange
 0001:00019B20       Classes.TList.Expand
 0001:00019B38       Classes.TList.First
 0001:00019B40       Classes.TList.Get
 0001:00019B68       Classes.TList.Grow
 0001:00019B9C       Classes.TList.IndexOf
 0001:00019BBC       Classes.TList.Insert
 0001:00019C28       Classes.TList.Last
 0001:00019DF8       Classes.TList.Notify
 0001:00019C34       Classes.TList.Put
 0001:00019C84       Classes.TList.Remove
 0001:00019CA4       Classes.TList.SetCapacity
 0001:00019CE0       Classes.TList.SetCount
 0001:00019DD8       Classes.TList.Sort
 0001:0001C634       Classes.TMemoryStream.Clear
 0001:0001C608       Classes.TMemoryStream.Destroy
 0001:0001C64C       Classes.TMemoryStream.LoadFromStream
 0001:0001C6D8       Classes.TMemoryStream.Realloc
 0001:0001C684       Classes.TMemoryStream.SetCapacity
 0001:0001C6AC       Classes.TMemoryStream.SetSize
 0001:0001C758       Classes.TMemoryStream.Write
 0001:0001A458       Classes.TPersistent.Assign
 0001:0001A46C       Classes.TPersistent.AssignError
 0001:0001A53C       Classes.TPersistent.AssignTo
 0001:0001A544       Classes.TPersistent.DefineProperties
 0001:0001A42C       Classes.TPersistent.Destroy
 0001:0001A548       Classes.TPersistent.GetNamePath
 0001:0001A5F8       Classes.TPersistent.GetOwner
 0001:0001CAA0       Classes.TPropFixup.Create
 0001:0001CAF8       Classes.TPropFixup.MakeGlobalReference
 0001:0001CB40       Classes.TPropFixup.ResolveReference
 0001:0001CB50       Classes.TPropIntfFixup.ResolveReference
 0001:0001D0C0       Classes.TReader.CheckValue
 0001:0001D120       Classes.TReader.DefineBinaryProperty
 0001:0001D0E4       Classes.TReader.DefineProperty
 0001:0001D084       Classes.TReader.Destroy
 0001:0001D3AC       Classes.TReader.DoFixupReferences
 0001:0001D208       Classes.TReader.EndOfList
 0001:0001D21C       Classes.TReader.Error
 0001:0001F4E8       Classes.TReader.FindAncestorComponent
 0001:0001F5E0       Classes.TReader.FindComponentClass
 0001:0001D2C8       Classes.TReader.FindMethod
 0001:0001D240       Classes.TReader.FindMethodInstance
 0001:0001D4F0       Classes.TReader.FlushBuffer
 0001:0001D514       Classes.TReader.FreeFixups
 0001:0001D550       Classes.TReader.GetFieldClass
 0001:0001D5E8       Classes.TReader.GetPosition
 0001:0001D600       Classes.TReader.NextValue
 0001:0001D610       Classes.TReader.PropertyError
 0001:0001D624       Classes.TReader.Read
 0001:0001D6AC       Classes.TReader.ReadBoolean
 0001:0001D670       Classes.TReader.ReadBuffer
 0001:0001D6C0       Classes.TReader.ReadChar
 0001:0001D77C       Classes.TReader.ReadCollection
 0001:0001DC3C       Classes.TReader.ReadComponent
 0001:0001E07C       Classes.TReader.ReadCurrency
 0001:0001DE7C       Classes.TReader.ReadData
 0001:0001DEEC       Classes.TReader.ReadDataInner
 0001:0001E0CC       Classes.TReader.ReadDate
 0001:0001DFF4       Classes.TReader.ReadDouble
 0001:0001DFBC       Classes.TReader.ReadFloat
 0001:0001E110       Classes.TReader.ReadIdent
 0001:0001E278       Classes.TReader.ReadInt64
 0001:0001E20C       Classes.TReader.ReadInteger
 0001:0001E2BC       Classes.TReader.ReadListBegin
 0001:0001E2C4       Classes.TReader.ReadListEnd
 0001:0001E2CC       Classes.TReader.ReadPrefix
 0001:0001E428       Classes.TReader.ReadProperty
 0001:0001E7D0       Classes.TReader.ReadPropValue
 0001:0001EB48       Classes.TReader.ReadRootComponent
 0001:0001EE7C       Classes.TReader.ReadSet
 0001:0001EF38       Classes.TReader.ReadSignature
 0001:0001E038       Classes.TReader.ReadSingle
 0001:0001EF5C       Classes.TReader.ReadStr
 0001:0001EF98       Classes.TReader.ReadString
 0001:0001F138       Classes.TReader.ReadValue
 0001:0001F864       Classes.TReader.ReadVariant
 0001:0001D720       Classes.TReader.ReadWideChar
 0001:0001F054       Classes.TReader.ReadWideString
 0001:0001F5A0       Classes.TReader.ReferenceName
 0001:0001F5B8       Classes.TReader.SetName
 0001:0001F654       Classes.TReader.SkipBytes
 0001:0001F440       Classes.TReader.SkipComponent
 0001:0001F3F8       Classes.TReader.SkipProperty
 0001:0001F14C       Classes.TReader.SkipSetBody
 0001:0001F248       Classes.TReader.SkipValue
 0001:0001835C       Classes.TRegGroup.AddClass
 0001:00018368       Classes.TRegGroup.BestClass
 0001:000183C8       Classes.TRegGroup.BestGroup
 0001:00018438       Classes.TRegGroup.Create
 0001:00018494       Classes.TRegGroup.Destroy
 0001:000184D4       Classes.TRegGroup.GetClass
 0001:0001853C       Classes.TRegGroup.InGroup
 0001:00018580       Classes.TRegGroup.RegisterClass
 0001:00018640       Classes.TRegGroup.Registered
 0001:00018684       Classes.TRegGroup.UnregisterModuleClasses
 0001:00018730       Classes.TRegGroups.Activate
 0001:0001877C       Classes.TRegGroups.Create
 0001:000187F0       Classes.TRegGroups.Destroy
 0001:00018850       Classes.TRegGroups.FindGroup
 0001:00018894       Classes.TRegGroups.GetClass
 0001:00018968       Classes.TRegGroups.GroupWith
 0001:00018A34       Classes.TRegGroups.Lock
 0001:00018A40       Classes.TRegGroups.RegisterClass
 0001:00018A58       Classes.TRegGroups.Registered
 0001:00018A9C       Classes.TRegGroups.StartGroup
 0001:00018AEC       Classes.TRegGroups.Unlock
 0001:00018AF8       Classes.TRegGroups.UnregisterModuleClasses
 0001:0001C7A8       Classes.TResourceStream.Create
 0001:0001C90C       Classes.TResourceStream.Destroy
 0001:0001C8A0       Classes.TResourceStream.Initialize
 0001:0001C93C       Classes.TResourceStream.Write
 0001:0001C13C       Classes.TStream.CopyFrom
 0001:0001BEA0       Classes.TStream.GetPosition
 0001:0001BED4       Classes.TStream.GetSize
 0001:0001C0CC       Classes.TStream.ReadBuffer
 0001:0001C230       Classes.TStream.ReadComponent
 0001:0001C05C       Classes.TStream.Seek
 0001:0001BFD8       Classes.TStream.Seek
 0001:0001BEC0       Classes.TStream.SetPosition
 0001:0001BF20       Classes.TStream.SetSize
 0001:0001BF38       Classes.TStream.SetSize
 0001:0001BF24       Classes.TStream.SetSize64
 0001:0001C104       Classes.TStream.WriteBuffer
 0001:0001C290       Classes.TStream.WriteComponent
 0001:0001C298       Classes.TStream.WriteDescendent
 0001:000238F0       Classes.TStreamAdapter.Clone
 0001:00023844       Classes.TStreamAdapter.Commit
 0001:0002363C       Classes.TStreamAdapter.CopyTo
 0001:00023400       Classes.TStreamAdapter.Create
 0001:0002344C       Classes.TStreamAdapter.Destroy
 0001:0002385C       Classes.TStreamAdapter.LockRegion
 0001:00023484       Classes.TStreamAdapter.Read
 0001:00023850       Classes.TStreamAdapter.Revert
 0001:00023554       Classes.TStreamAdapter.Seek
 0001:000235D8       Classes.TStreamAdapter.SetSize
 0001:00023874       Classes.TStreamAdapter.Stat
 0001:00023868       Classes.TStreamAdapter.UnlockRegion
 0001:000234EC       Classes.TStreamAdapter.Write
 0001:0001B820       Classes.TStringList.Add
 0001:0001B830       Classes.TStringList.AddObject
 0001:0001B894       Classes.TStringList.Changed
 0001:0001B8B0       Classes.TStringList.Changing
 0001:0001B8CC       Classes.TStringList.Clear
 0001:0001BE1C       Classes.TStringList.CompareStrings
 0001:0001BDE4       Classes.TStringList.CustomSort
 0001:0001B90C       Classes.TStringList.Delete
 0001:0001B7C4       Classes.TStringList.Destroy
 0001:0001B978       Classes.TStringList.Exchange
 0001:0001B9D4       Classes.TStringList.ExchangeItems
 0001:0001B9F8       Classes.TStringList.Find
 0001:0001BA7C       Classes.TStringList.Get
 0001:0001BAB0       Classes.TStringList.GetCapacity
 0001:0001BAB4       Classes.TStringList.GetCount
 0001:0001BAB8       Classes.TStringList.GetObject
 0001:0001BAE0       Classes.TStringList.Grow
 0001:0001BB14       Classes.TStringList.IndexOf
 0001:0001BB50       Classes.TStringList.Insert
 0001:0001BBB4       Classes.TStringList.InsertItem
 0001:0001BB60       Classes.TStringList.InsertObject
 0001:0001BC30       Classes.TStringList.Put
 0001:0001BC8C       Classes.TStringList.PutObject
 0001:0001BCCC       Classes.TStringList.QuickSort
 0001:0001BD60       Classes.TStringList.SetCapacity
 0001:0001BD7C       Classes.TStringList.SetSorted
 0001:0001BD9C       Classes.TStringList.SetUpdateState
 0001:0001BDD4       Classes.TStringList.Sort
 0001:0001A788       Classes.TStrings.Add
 0001:0001A7AC       Classes.TStrings.AddObject
 0001:0001A7DC       Classes.TStrings.AddStrings
 0001:0001A7D0       Classes.TStrings.Append
 0001:0001A894       Classes.TStrings.Assign
 0001:0001A94C       Classes.TStrings.BeginUpdate
 0001:0001B74C       Classes.TStrings.CompareStrings
 0001:0001A9BC       Classes.TStrings.DefineProperties
 0001:0001A758       Classes.TStrings.Destroy
 0001:0001AA08       Classes.TStrings.EndUpdate
 0001:0001AA1C       Classes.TStrings.Equals
 0001:0001AAC8       Classes.TStrings.Error
 0001:0001AB00       Classes.TStrings.Error
 0001:0001AB58       Classes.TStrings.Exchange
 0001:0001AC44       Classes.TStrings.GetCapacity
 0001:0001B6EC       Classes.TStrings.GetLineBreak
 0001:0001B790       Classes.TStrings.GetNameValueSeparator
 0001:0001AC4C       Classes.TStrings.GetObject
 0001:0001AC50       Classes.TStrings.GetText
 0001:0001ACA4       Classes.TStrings.GetTextStr
 0001:0001ADDC       Classes.TStrings.GetValue
 0001:0001AE74       Classes.TStrings.IndexOf
 0001:0001AF00       Classes.TStrings.IndexOfName
 0001:0001AFD4       Classes.TStrings.IndexOfObject
 0001:0001B008       Classes.TStrings.InsertObject
 0001:0001B038       Classes.TStrings.LoadFromFile
 0001:0001B08C       Classes.TStrings.LoadFromStream
 0001:0001B138       Classes.TStrings.Move
 0001:0001B1E8       Classes.TStrings.Put
 0001:0001B218       Classes.TStrings.PutObject
 0001:0001B21C       Classes.TStrings.ReadData
 0001:0001B2CC       Classes.TStrings.SaveToFile
 0001:0001B324       Classes.TStrings.SaveToStream
 0001:0001B384       Classes.TStrings.SetCapacity
 0001:0001B720       Classes.TStrings.SetLineBreak
 0001:0001B7A8       Classes.TStrings.SetNameValueSeparator
 0001:0001B388       Classes.TStrings.SetStringsAdapter
 0001:0001B3BC       Classes.TStrings.SetText
 0001:0001B40C       Classes.TStrings.SetTextStr
 0001:0001B5B0       Classes.TStrings.SetUpdateState
 0001:0001B5B4       Classes.TStrings.SetValue
 0001:0001B668       Classes.TStrings.WriteData
 0001:00022498       Classes.TThread.AfterConstruction
 0001:00022538       Classes.TThread.CallOnTerminate
 0001:00022520       Classes.TThread.CheckThreadError
 0001:000224A4       Classes.TThread.CheckThreadError
 0001:00022354       Classes.TThread.Create
 0001:00022424       Classes.TThread.Destroy
 0001:0002254C       Classes.TThread.DoTerminate
 0001:0002258C       Classes.TThread.RemoveQueuedEvents
 0001:00022810       Classes.TThread.Resume
 0001:00022560       Classes.TThread.SetPriority
 0001:0002264C       Classes.TThread.Synchronize
 0001:000227E8       Classes.TThread.Synchronize
 0001:00022838       Classes.TThread.Terminate
 0001:00022840       Classes.TThread.WaitFor
 0001:0001A198       Classes.TThreadList.Add
 0001:0001A0C8       Classes.TThreadList.Create
 0001:0001A11C       Classes.TThreadList.Destroy
 0001:0001A220       Classes.TThreadList.LockList
 0001:0001A234       Classes.TThreadList.Remove
 0001:0001A284       Classes.TThreadList.UnlockList
 0001:0001FAB0       Classes.TWriter.AddAncestor
 0001:0001FAE4       Classes.TWriter.DefineBinaryProperty
 0001:0001FABC       Classes.TWriter.DefineProperty
 0001:0001FA84       Classes.TWriter.Destroy
 0001:0001FB20       Classes.TWriter.FindMethodName
 0001:0001FB7C       Classes.TWriter.FlushBuffer
 0001:00021F84       Classes.TWriter.GetLookupInfo
 0001:0001FB10       Classes.TWriter.GetPosition
 0001:0001FB84       Classes.TWriter.SetPosition
 0001:0001FBC0       Classes.TWriter.SetRoot
 0001:0001FBD8       Classes.TWriter.Write
 0001:0001FC24       Classes.TWriter.WriteBinary
 0001:0001FCC4       Classes.TWriter.WriteBoolean
 0001:0001FCAC       Classes.TWriter.WriteBuffer
 0001:0001FCD8       Classes.TWriter.WriteChar
 0001:0001FD78       Classes.TWriter.WriteCollection
 0001:0001FE68       Classes.TWriter.WriteComponent
 0001:00020434       Classes.TWriter.WriteCurrency
 0001:0001FFBC       Classes.TWriter.WriteData
 0001:00020458       Classes.TWriter.WriteDate
 0001:000203C4       Classes.TWriter.WriteDescendent
 0001:000203EC       Classes.TWriter.WriteFloat
 0001:0002047C       Classes.TWriter.WriteIdent
 0001:00020540       Classes.TWriter.WriteInteger
 0001:000205B4       Classes.TWriter.WriteInteger
 0001:0002060C       Classes.TWriter.WriteListBegin
 0001:00020614       Classes.TWriter.WriteListEnd
 0001:00021DB8       Classes.TWriter.WriteMinStr
 0001:0002061C       Classes.TWriter.WritePrefix
 0001:00020664       Classes.TWriter.WriteProperties
 0001:000217B4       Classes.TWriter.WriteProperty
 0001:00021D08       Classes.TWriter.WritePropName
 0001:00021D5C       Classes.TWriter.WriteSignature
 0001:00020410       Classes.TWriter.WriteSingle
 0001:00021D6C       Classes.TWriter.WriteStr
 0001:00021E64       Classes.TWriter.WriteString
 0001:00021F70       Classes.TWriter.WriteValue
 0001:0002190C       Classes.TWriter.WriteVariant
 0001:0001FD28       Classes.TWriter.WriteWideChar
 0001:00021EB8       Classes.TWriter.WriteWideString
 0001:00019248       Classes.UnregisterFindGlobalComponentProc
 0001:00018E88       Classes.UnRegisterModuleClasses
 0003:00000C48       Classes.UtilWindowClass
 0001:00022094       Classes.WaitForSyncEvent
 0003:00000B90       Classes.WakeMainThread
 0001:0001959C       Classes.WriteCollection
 0001:00021018       Classes.WriteCollectionProp
 0001:000211B4       Classes.WriteFloatProp
 0001:000211F4       Classes.WriteInt64Prop
 0001:000215E4       Classes.WriteInterfaceProp
 0001:00020FAC       Classes.WriteIntProp
 0001:000216C0       Classes.WriteMethodProp
 0001:000213D0       Classes.WriteObjectProp
 0001:000210BC       Classes.WriteOrdProp
 0001:00020EC4       Classes.WritePropPath
 0001:00020F18       Classes.WriteSet
 0001:00021230       Classes.WriteStrProp
 0001:00021750       Classes.WriteVariantProp
 0004:000034D4       Clipbrd..2
 0004:000034D2       Clipbrd.CF_COMPONENT
 0004:000034D0       Clipbrd.CF_PICTURE
 0002:000004D8       Clipbrd.Clipbrd
 0004:000034D8       Clipbrd.FClipboard
 0001:00047788       Clipbrd.Finalization
 0004:00003624       ComCtrls..76
 0001:00077FF4       ComCtrls..ECommonCalendarError
 0001:00078358       ComCtrls..EDateTimeError
 0001:00075A14       ComCtrls..ETreeViewError
 0001:000781DC       ComCtrls..TCommonCalendar
 0001:00077228       ComCtrls..TConversion
 0001:000772B0       ComCtrls..TCustomRichEdit
 0001:00075FC8       ComCtrls..TCustomTreeView
 0001:0007851C       ComCtrls..TDateTimePicker
 0001:00078058       ComCtrls..TMonthCalColors
 0001:0007705C       ComCtrls..TParaAttributes
 0001:00077480       ComCtrls..TRichEdit
 0001:0007EB54       ComCtrls..TRichEditStrings
 0001:00076FC8       ComCtrls..TTextAttributes
 0001:00075824       ComCtrls..TTreeNode
 0001:000758C0       ComCtrls..TTreeNodes
 0001:0007620C       ComCtrls..TTreeView
 0001:0007F184       ComCtrls.AdjustLineBreaks
 0003:00001B7C       ComCtrls.AutoExpandStyles
 0003:00001B34       ComCtrls.BorderStyles
 0003:00001B4C       ComCtrls.ButtonStyles
 0003:00001B28       ComCtrls.cAddMode
 0001:00078F44       ComCtrls.CheckCommonControl
 0003:00001BAC       ComCtrls.ColorIndex
 0004:00003630       ComCtrls.ComCtlVersion
 0002:00000724       ComCtrls.ComCtrls
 0003:00001B24       ComCtrls.ConversionFormatList
 0001:00078FEC       ComCtrls.DefaultTreeViewSort
 0003:00001B64       ComCtrls.DragStyles
 0003:00001B54       ComCtrls.EditStyles
 0003:00001B94       ComCtrls.Empty
 0001:00081950       ComCtrls.Finalization
 0003:00001BE4       ComCtrls.Formats
 0004:0000362C       ComCtrls.FRichEditModule
 0001:00078F6C       ComCtrls.GetComCtlVersion
 0003:00001B98       ComCtrls.HideScrollBars
 0003:00001B5C       ComCtrls.HideSelections
 0003:00001BA0       ComCtrls.HideSelections
 0003:00001B84       ComCtrls.HotTrackStyles
 0001:00078F18       ComCtrls.InitCommonControl
 0001:000810B8       ComCtrls.IsBlankSysTime
 0003:00001B3C       ComCtrls.LineStyles
 0003:00001BDC       ComCtrls.MultiSelFlags
 0001:0007DFD4       ComCtrls.NodeInList
 0003:00001BA8       ComCtrls.Painting
 0003:00001B44       ComCtrls.RootStyles
 0003:00001B8C       ComCtrls.RowSelectStyles
 0003:00001B0C       ComCtrls.RTFConversionFormat
 0003:00001B6C       ComCtrls.RTLStyles
 0001:00078FA4       ComCtrls.SetComCtlStyle
 0004:00003628       ComCtrls.ShellModule
 0003:00001BCC       ComCtrls.ShowTodayCircleFlags
 0003:00001BC4       ComCtrls.ShowTodayFlags
 0001:0007E004       ComCtrls.SiblingNotInList
 0001:0007F218       ComCtrls.StreamLoad
 0001:0007F1B8       ComCtrls.StreamSave
 0001:00080768       ComCtrls.TCommonCalendar.CheckEmptyDate
 0001:0008076C       ComCtrls.TCommonCalendar.CheckValidDate
 0001:0008069C       ComCtrls.TCommonCalendar.Create
 0001:000808A4       ComCtrls.TCommonCalendar.CreateWnd
 0001:00080738       ComCtrls.TCommonCalendar.Destroy
 0001:00080980       ComCtrls.TCommonCalendar.DoStoreMaxDate
 0001:0008099C       ComCtrls.TCommonCalendar.DoStoreMinDate
 0001:00080940       ComCtrls.TCommonCalendar.GetCalStyles
 0001:000809B8       ComCtrls.TCommonCalendar.GetDate
 0001:000809D4       ComCtrls.TCommonCalendar.SetCalColors
 0001:000809E8       ComCtrls.TCommonCalendar.SetDate
 0001:00080AA4       ComCtrls.TCommonCalendar.SetDateTime
 0001:00080B2C       ComCtrls.TCommonCalendar.SetEndDate
 0001:00080BB4       ComCtrls.TCommonCalendar.SetFirstDayOfWeek
 0001:00080C24       ComCtrls.TCommonCalendar.SetMaxDate
 0001:00080D20       ComCtrls.TCommonCalendar.SetMaxSelectRange
 0001:00080D7C       ComCtrls.TCommonCalendar.SetMinDate
 0001:00080E78       ComCtrls.TCommonCalendar.SetMonthDelta
 0001:00080EB8       ComCtrls.TCommonCalendar.SetRange
 0001:00081008       ComCtrls.TCommonCalendar.SetSelectedRange
 0001:0007EB2C       ComCtrls.TConversion.ConvertReadStream
 0001:0007EB40       ComCtrls.TConversion.ConvertWriteStream
 0001:0007F914       ComCtrls.TCustomRichEdit.Clear
 0001:0007FE98       ComCtrls.TCustomRichEdit.CMBiDiModeChanged
 0001:0007FFA4       ComCtrls.TCustomRichEdit.CMColorChanged
 0001:0007FCA8       ComCtrls.TCustomRichEdit.CMFontChanged
 0001:00080350       ComCtrls.TCustomRichEdit.CNNotify
 0001:0007F788       ComCtrls.TCustomRichEdit.Create
 0001:0007F92C       ComCtrls.TCustomRichEdit.CreateParams
 0001:0007F9B8       ComCtrls.TCustomRichEdit.CreateWnd
 0001:0007F8B8       ComCtrls.TCustomRichEdit.Destroy
 0001:0007FB10       ComCtrls.TCustomRichEdit.DestroyWnd
 0001:0007FCB8       ComCtrls.TCustomRichEdit.DoSetMaxLength
 0001:0007FCD8       ComCtrls.TCustomRichEdit.GetCaretPos
 0001:0007FF8C       ComCtrls.TCustomRichEdit.GetPlainText
 0001:0007FD84       ComCtrls.TCustomRichEdit.GetSelLength
 0001:0007FDAC       ComCtrls.TCustomRichEdit.GetSelStart
 0001:0007FE54       ComCtrls.TCustomRichEdit.GetSelText
 0001:0007FDD0       ComCtrls.TCustomRichEdit.GetSelTextBuf
 0001:00080008       ComCtrls.TCustomRichEdit.Print
 0001:000803FC       ComCtrls.TCustomRichEdit.ProtectChange
 0001:0008044C       ComCtrls.TCustomRichEdit.RequestSize
 0001:000803CC       ComCtrls.TCustomRichEdit.SaveClipboard
 0001:0008042C       ComCtrls.TCustomRichEdit.SelectionChange
 0001:0007FD38       ComCtrls.TCustomRichEdit.SetCaretPos
 0001:0007FEEC       ComCtrls.TCustomRichEdit.SetHideScrollBars
 0001:0007FF00       ComCtrls.TCustomRichEdit.SetHideSelection
 0001:0007FF98       ComCtrls.TCustomRichEdit.SetPlainText
 0001:0007FFD0       ComCtrls.TCustomRichEdit.SetRichEditStrings
 0001:0007FF30       ComCtrls.TCustomRichEdit.SetSelLength
 0001:0007FFE0       ComCtrls.TCustomRichEdit.SetSelStart
 0001:0007FC18       ComCtrls.TCustomRichEdit.WMNCDestroy
 0001:000801E0       ComCtrls.TCustomRichEdit.WMPaint
 0001:0007FC30       ComCtrls.TCustomRichEdit.WMRButtonUp
 0001:000802A4       ComCtrls.TCustomRichEdit.WMSetCursor
 0001:0007FC20       ComCtrls.TCustomRichEdit.WMSetFont
 0001:0007CD24       ComCtrls.TCustomTreeView.Added
 0001:0007B9AC       ComCtrls.TCustomTreeView.AlphaSort
 0001:0007CCA8       ComCtrls.TCustomTreeView.CanChange
 0001:0007CDD0       ComCtrls.TCustomTreeView.CanCollapse
 0001:0007CDFC       ComCtrls.TCustomTreeView.CanEdit
 0001:0007CD84       ComCtrls.TCustomTreeView.CanExpand
 0001:0007D414       ComCtrls.TCustomTreeView.CanvasChanged
 0001:0007CCD4       ComCtrls.TCustomTreeView.Change
 0001:0007D590       ComCtrls.TCustomTreeView.ClearSelection
 0001:0007B904       ComCtrls.TCustomTreeView.CMColorChanged
 0001:0007B934       ComCtrls.TCustomTreeView.CMCtl3DChanged
 0001:0007CB84       ComCtrls.TCustomTreeView.CMDrag
 0001:0007B950       ComCtrls.TCustomTreeView.CMFontChanged
 0001:0007B984       ComCtrls.TCustomTreeView.CMSysColorChange
 0001:0007BF34       ComCtrls.TCustomTreeView.CNNotify
 0001:0007CDB0       ComCtrls.TCustomTreeView.Collapse
 0001:0007D5C8       ComCtrls.TCustomTreeView.ControlSelectNode
 0001:0007D62C       ComCtrls.TCustomTreeView.ControlShiftSelectNode
 0001:0007B060       ComCtrls.TCustomTreeView.Create
 0001:0007CED8       ComCtrls.TCustomTreeView.CreateNode
 0001:0007CF14       ComCtrls.TCustomTreeView.CreateNodes
 0001:0007B2C8       ComCtrls.TCustomTreeView.CreateParams
 0001:0007B3E0       ComCtrls.TCustomTreeView.CreateWnd
 0001:0007D4BC       ComCtrls.TCustomTreeView.CustomDraw
 0001:0007D514       ComCtrls.TCustomTreeView.CustomDrawItem
 0001:0007B9B8       ComCtrls.TCustomTreeView.CustomSort
 0001:0007CD44       ComCtrls.TCustomTreeView.Delete
 0001:0007DFB0       ComCtrls.TCustomTreeView.Deselect
 0001:0007B218       ComCtrls.TCustomTreeView.Destroy
 0001:0007B628       ComCtrls.TCustomTreeView.DestroyWnd
 0001:0007CC0C       ComCtrls.TCustomTreeView.DoDragOver
 0001:0007CB64       ComCtrls.TCustomTreeView.DoEndDrag
 0001:0007D648       ComCtrls.TCustomTreeView.DoEnter
 0001:0007D65C       ComCtrls.TCustomTreeView.DoExit
 0001:0007CACC       ComCtrls.TCustomTreeView.DoStartDrag
 0001:0007CE28       ComCtrls.TCustomTreeView.Edit
 0001:0007B804       ComCtrls.TCustomTreeView.EditWndProc
 0001:0007CD64       ComCtrls.TCustomTreeView.Expand
 0001:0007E06C       ComCtrls.TCustomTreeView.FindNextToSelect
 0001:0007D670       ComCtrls.TCustomTreeView.FinishSelection
 0001:0007BD54       ComCtrls.TCustomTreeView.FullExpand
 0001:0007BE94       ComCtrls.TCustomTreeView.GetChangeDelay
 0001:0007CA18       ComCtrls.TCustomTreeView.GetDragImages
 0001:0007BEA0       ComCtrls.TCustomTreeView.GetDropTarget
 0001:0007BC48       ComCtrls.TCustomTreeView.GetHitTestInfoAt
 0001:0007CC68       ComCtrls.TCustomTreeView.GetImageIndex
 0001:0007BD3C       ComCtrls.TCustomTreeView.GetIndent
 0001:0007BC04       ComCtrls.TCustomTreeView.GetNodeAt
 0001:0007BF0C       ComCtrls.TCustomTreeView.GetNodeFromItem
 0001:0007BE1C       ComCtrls.TCustomTreeView.GetSelected
 0001:0007CC88       ComCtrls.TCustomTreeView.GetSelectedIndex
 0001:0007D864       ComCtrls.TCustomTreeView.GetSelection
 0001:0007D858       ComCtrls.TCustomTreeView.GetSelectionCount
 0001:0007E0F8       ComCtrls.TCustomTreeView.GetSelections
 0001:0007BD9C       ComCtrls.TCustomTreeView.GetTopItem
 0001:0007CF54       ComCtrls.TCustomTreeView.ImageListChange
 0001:0007D87C       ComCtrls.TCustomTreeView.InvalidateSelectionsRects
 0001:0007D41C       ComCtrls.TCustomTreeView.IsCustomDrawn
 0001:0007BD80       ComCtrls.TCustomTreeView.Loaded
 0001:0007D8C8       ComCtrls.TCustomTreeView.MouseDown
 0001:0007D938       ComCtrls.TCustomTreeView.NodeDeselect
 0001:0007D960       ComCtrls.TCustomTreeView.NodeSelect
 0001:0007CFB0       ComCtrls.TCustomTreeView.Notification
 0001:0007BDF4       ComCtrls.TCustomTreeView.OnChangeTimer
 0001:0007DE24       ComCtrls.TCustomTreeView.Select
 0001:0007D988       ComCtrls.TCustomTreeView.Select
 0001:0007DDAC       ComCtrls.TCustomTreeView.Select
 0001:0007D9B0       ComCtrls.TCustomTreeView.SelectNode
 0001:0007BA74       ComCtrls.TCustomTreeView.SetAutoExpand
 0001:0007BB24       ComCtrls.TCustomTreeView.SetBorderStyle
 0001:0007BB60       ComCtrls.TCustomTreeView.SetButtonStyle
 0001:0007BE88       ComCtrls.TCustomTreeView.SetChangeDelay
 0001:0007BB38       ComCtrls.TCustomTreeView.SetDragMode
 0001:0007BED8       ComCtrls.TCustomTreeView.SetDropTarget
 0001:0007BBD4       ComCtrls.TCustomTreeView.SetHideSelection
 0001:0007BA90       ComCtrls.TCustomTreeView.SetHotTrack
 0001:0007CF24       ComCtrls.TCustomTreeView.SetImageList
 0001:0007CFF0       ComCtrls.TCustomTreeView.SetImages
 0001:0007BD10       ComCtrls.TCustomTreeView.SetIndent
 0001:0007BB7C       ComCtrls.TCustomTreeView.SetLineStyle
 0001:0007DA28       ComCtrls.TCustomTreeView.SetMultiSelect
 0001:0007DA5C       ComCtrls.TCustomTreeView.SetMultiSelectStyle
 0001:0007BBB4       ComCtrls.TCustomTreeView.SetReadOnly
 0001:0007BB98       ComCtrls.TCustomTreeView.SetRootStyle
 0001:0007BAAC       ComCtrls.TCustomTreeView.SetRowSelect
 0001:0007BE64       ComCtrls.TCustomTreeView.SetSelected
 0001:0007BAE8       ComCtrls.TCustomTreeView.SetSortType
 0001:0007D058       ComCtrls.TCustomTreeView.SetStateImages
 0001:0007BAC8       ComCtrls.TCustomTreeView.SetToolTips
 0001:0007BDCC       ComCtrls.TCustomTreeView.SetTopItem
 0001:0007BD04       ComCtrls.TCustomTreeView.SetTreeNodes
 0001:0007DA84       ComCtrls.TCustomTreeView.ShiftSelectNode
 0001:0007DC64       ComCtrls.TCustomTreeView.Subselect
 0001:0007DD00       ComCtrls.TCustomTreeView.ValidateSelection
 0001:0007D0C4       ComCtrls.TCustomTreeView.WMContextMenu
 0001:0007D190       ComCtrls.TCustomTreeView.WMCtlColorEdit
 0001:0007D1B4       ComCtrls.TCustomTreeView.WMLButtonDown
 0001:0007D2D0       ComCtrls.TCustomTreeView.WMNotify
 0001:0007CA38       ComCtrls.TCustomTreeView.WndProc
 0001:00081198       ComCtrls.TDateTimePicker.AdjustHeight
 0001:00081310       ComCtrls.TDateTimePicker.Change
 0001:00081234       ComCtrls.TDateTimePicker.CheckEmptyDate
 0001:00081384       ComCtrls.TDateTimePicker.CMColorChanged
 0001:000813A4       ComCtrls.TDateTimePicker.CMFontChanged
 0001:000813C8       ComCtrls.TDateTimePicker.CNNotify
 0001:000810C8       ComCtrls.TDateTimePicker.Create
 0001:00081264       ComCtrls.TDateTimePicker.CreateParams
 0001:00081330       ComCtrls.TDateTimePicker.CreateWnd
 0001:000815EC       ComCtrls.TDateTimePicker.GetCalendarHandle
 0001:00081604       ComCtrls.TDateTimePicker.GetTime
 0001:00081620       ComCtrls.TDateTimePicker.MsgSetCalColors
 0001:0008165C       ComCtrls.TDateTimePicker.MsgSetDateTime
 0001:00081728       ComCtrls.TDateTimePicker.MsgSetRange
 0001:00081768       ComCtrls.TDateTimePicker.SetCalAlignment
 0001:00081790       ComCtrls.TDateTimePicker.SetChecked
 0001:000817E8       ComCtrls.TDateTimePicker.SetDateFormat
 0001:000817FC       ComCtrls.TDateTimePicker.SetDateMode
 0001:00081908       ComCtrls.TDateTimePicker.SetFormat
 0001:00081810       ComCtrls.TDateTimePicker.SetKind
 0001:00081824       ComCtrls.TDateTimePicker.SetParseInput
 0001:00081848       ComCtrls.TDateTimePicker.SetShowCheckbox
 0001:0008185C       ComCtrls.TDateTimePicker.SetTime
 0003:00001B18       ComCtrls.TextConversionFormat
 0001:000804BC       ComCtrls.TMonthCalColors.Assign
 0001:0008046C       ComCtrls.TMonthCalColors.Create
 0001:00080640       ComCtrls.TMonthCalColors.SetAllColors
 0001:000805C8       ComCtrls.TMonthCalColors.SetColor
 0003:00001B74       ComCtrls.ToolTipStyles
 0001:0007EA90       ComCtrls.TParaAttributes.Assign
 0001:0007E73C       ComCtrls.TParaAttributes.Create
 0001:0007E82C       ComCtrls.TParaAttributes.GetAlignment
 0001:0007E794       ComCtrls.TParaAttributes.GetAttributes
 0001:0007E900       ComCtrls.TParaAttributes.GetFirstIndent
 0001:0007E95C       ComCtrls.TParaAttributes.GetLeftIndent
 0001:0007E880       ComCtrls.TParaAttributes.GetNumbering
 0001:0007E9B8       ComCtrls.TParaAttributes.GetRightIndent
 0001:0007EA14       ComCtrls.TParaAttributes.GetTab
 0001:0007E778       ComCtrls.TParaAttributes.InitPara
 0001:0007E848       ComCtrls.TParaAttributes.SetAlignment
 0001:0007E7C8       ComCtrls.TParaAttributes.SetAttributes
 0001:0007E920       ComCtrls.TParaAttributes.SetFirstIndent
 0001:0007E97C       ComCtrls.TParaAttributes.SetLeftIndent
 0001:0007E89C       ComCtrls.TParaAttributes.SetNumbering
 0001:0007E9D8       ComCtrls.TParaAttributes.SetRightIndent
 0001:0007EA3C       ComCtrls.TParaAttributes.SetTab
 0003:00001B30       ComCtrls.TreeNodeStreamVersion
 0001:00079058       ComCtrls.TreeViewError
 0001:0007EC90       ComCtrls.TRichEditStrings.AddStrings
 0001:0007F078       ComCtrls.TRichEditStrings.Clear
 0001:0007EFCC       ComCtrls.TRichEditStrings.Delete
 0001:0007EC60       ComCtrls.TRichEditStrings.Destroy
 0001:0007F0D8       ComCtrls.TRichEditStrings.EnableChange
 0001:0007ED60       ComCtrls.TRichEditStrings.Get
 0001:0007ED08       ComCtrls.TRichEditStrings.GetCount
 0001:0007EE40       ComCtrls.TRichEditStrings.Insert
 0001:0007F584       ComCtrls.TRichEditStrings.LoadFromFile
 0001:0007F310       ComCtrls.TRichEditStrings.LoadFromStream
 0001:0007EDB4       ComCtrls.TRichEditStrings.Put
 0001:0007F690       ComCtrls.TRichEditStrings.SaveToFile
 0001:0007F474       ComCtrls.TRichEditStrings.SaveToStream
 0001:0007F134       ComCtrls.TRichEditStrings.SetTextStr
 0001:0007F088       ComCtrls.TRichEditStrings.SetUpdateState
 0001:0007E4CC       ComCtrls.TTextAttributes.Assign
 0001:0007E60C       ComCtrls.TTextAttributes.AssignTo
 0001:0007E13C       ComCtrls.TTextAttributes.Create
 0001:0007E1A4       ComCtrls.TTextAttributes.GetAttributes
 0001:0007E220       ComCtrls.TTextAttributes.GetCharset
 0001:0007E264       ComCtrls.TTextAttributes.GetColor
 0001:0007E2CC       ComCtrls.TTextAttributes.GetName
 0001:0007E45C       ComCtrls.TTextAttributes.GetPitch
 0001:0007E408       ComCtrls.TTextAttributes.GetSize
 0001:0007E360       ComCtrls.TTextAttributes.GetStyle
 0001:0007E188       ComCtrls.TTextAttributes.InitFormat
 0001:0007E1E4       ComCtrls.TTextAttributes.SetAttributes
 0001:0007E234       ComCtrls.TTextAttributes.SetCharset
 0001:0007E284       ComCtrls.TTextAttributes.SetColor
 0001:0007E2F0       ComCtrls.TTextAttributes.SetName
 0001:0007E48C       ComCtrls.TTextAttributes.SetPitch
 0001:0007E424       ComCtrls.TTextAttributes.SetSize
 0001:0007E3B0       ComCtrls.TTextAttributes.SetStyle
 0001:0007A0E8       ComCtrls.TTreeNode.AlphaSort
 0001:0007A1AC       ComCtrls.TTreeNode.Assign
 0001:00079784       ComCtrls.TTreeNode.Collapse
 0001:000795B0       ComCtrls.TTreeNode.CompareCount
 0001:00079070       ComCtrls.TTreeNode.Create
 0001:0007A0F4       ComCtrls.TTreeNode.CustomSort
 0001:0007A1A0       ComCtrls.TTreeNode.Delete
 0001:000790BC       ComCtrls.TTreeNode.Destroy
 0001:0007A0AC       ComCtrls.TTreeNode.DisplayRect
 0001:000795E8       ComCtrls.TTreeNode.DoCanExpand
 0001:0007963C       ComCtrls.TTreeNode.DoExpand
 0001:00079778       ComCtrls.TTreeNode.Expand
 0001:00079680       ComCtrls.TTreeNode.ExpandItem
 0001:00079BF4       ComCtrls.TTreeNode.GetAbsoluteIndex
 0001:000798F0       ComCtrls.TTreeNode.GetChildren
 0001:00079D0C       ComCtrls.TTreeNode.GetCount
 0001:00079878       ComCtrls.TTreeNode.GetCut
 0001:000798A0       ComCtrls.TTreeNode.GetDropTarget
 0001:00079790       ComCtrls.TTreeNode.GetExpanded
 0001:00079AE8       ComCtrls.TTreeNode.getFirstChild
 0001:00079958       ComCtrls.TTreeNode.GetFocused
 0001:000791A4       ComCtrls.TTreeNode.GetHandle
 0001:00079C30       ComCtrls.TTreeNode.GetItem
 0001:00079B24       ComCtrls.TTreeNode.GetLastChild
 0001:00079B44       ComCtrls.TTreeNode.GetNext
 0001:00079AD8       ComCtrls.TTreeNode.GetNextChild
 0001:000799D8       ComCtrls.TTreeNode.getNextSibling
 0001:00079A50       ComCtrls.TTreeNode.GetNextVisible
 0001:0007999C       ComCtrls.TTreeNode.GetParent
 0001:00079BC4       ComCtrls.TTreeNode.GetPrev
 0001:00079A14       ComCtrls.TTreeNode.getPrevSibling
 0001:00079A94       ComCtrls.TTreeNode.GetPrevVisible
 0001:000797C4       ComCtrls.TTreeNode.GetSelected
 0001:00079314       ComCtrls.TTreeNode.GetState
 0001:000791B8       ComCtrls.TTreeNode.GetTreeView
 0001:000791C0       ComCtrls.TTreeNode.HasAsParent
 0001:00079CD0       ComCtrls.TTreeNode.IndexOf
 0001:00079D30       ComCtrls.TTreeNode.InternalMove
 0001:0007A260       ComCtrls.TTreeNode.IsEqual
 0001:0007A054       ComCtrls.TTreeNode.IsFirstNode
 0001:0007A07C       ComCtrls.TTreeNode.IsNodeVisible
 0001:00079EC8       ComCtrls.TTreeNode.MoveTo
 0001:0007A288       ComCtrls.TTreeNode.ReadData
 0001:0007A388       ComCtrls.TTreeNode.ReadNodeData
 0001:00079960       ComCtrls.TTreeNode.SetChildren
 0001:00079880       ComCtrls.TTreeNode.SetCut
 0001:000792A4       ComCtrls.TTreeNode.SetData
 0001:000798A8       ComCtrls.TTreeNode.SetDropTarget
 0001:00079798       ComCtrls.TTreeNode.SetExpanded
 0001:00079938       ComCtrls.TTreeNode.SetFocused
 0001:00079454       ComCtrls.TTreeNode.SetImageIndex
 0001:0007950C       ComCtrls.TTreeNode.SetOverlayIndex
 0001:000797CC       ComCtrls.TTreeNode.SetSelected
 0001:0007986C       ComCtrls.TTreeNode.SetSelectedBit
 0001:000794B0       ComCtrls.TTreeNode.SetSelectedIndex
 0001:000793B0       ComCtrls.TTreeNode.SetState
 0001:0007955C       ComCtrls.TTreeNode.SetStateIndex
 0001:00079200       ComCtrls.TTreeNode.SetText
 0001:0007A4BC       ComCtrls.TTreeNode.WriteNodeData
 0001:0007A734       ComCtrls.TTreeNodes.Add
 0001:0007A724       ComCtrls.TTreeNodes.AddChild
 0001:0007A94C       ComCtrls.TTreeNodes.AddedNode
 0001:0007A990       ComCtrls.TTreeNodes.AddItem
 0001:0007A744       ComCtrls.TTreeNodes.AddNode
 0001:0007ABAC       ComCtrls.TTreeNodes.Assign
 0001:0007AB4C       ComCtrls.TTreeNodes.BeginUpdate
 0001:0007A690       ComCtrls.TTreeNodes.Clear
 0001:0007B058       ComCtrls.TTreeNodes.ClearCache
 0001:0007A5E8       ComCtrls.TTreeNodes.Create
 0001:0007A96C       ComCtrls.TTreeNodes.CreateItem
 0001:0007ACD0       ComCtrls.TTreeNodes.DefineProperties
 0001:0007A688       ComCtrls.TTreeNodes.Delete
 0001:0007A624       ComCtrls.TTreeNodes.Destroy
 0001:0007AB98       ComCtrls.TTreeNodes.EndUpdate
 0001:0007A650       ComCtrls.TTreeNodes.GetCount
 0001:0007AA10       ComCtrls.TTreeNodes.GetFirstNode
 0001:0007A67C       ComCtrls.TTreeNodes.GetHandle
 0001:0007AB14       ComCtrls.TTreeNodes.GetNode
 0001:0007AA2C       ComCtrls.TTreeNodes.GetNodeFromIndex
 0001:0007AD58       ComCtrls.TTreeNodes.ReadData
 0001:0007AF80       ComCtrls.TTreeNodes.ReadExpandedState
 0001:0007AE20       ComCtrls.TTreeNodes.ReadNodeData
 0001:0007A8F8       ComCtrls.TTreeNodes.Repaint
 0001:0007AB64       ComCtrls.TTreeNodes.SetUpdateState
 0001:0007AFFC       ComCtrls.TTreeNodes.WriteExpandedState
 0001:0007AF04       ComCtrls.TTreeNodes.WriteNodeData
 0003:00001BD4       ComCtrls.WeekNumFlags
 0001:0007AC40       ComCtrls.WriteNodes
 0004:00003344       CommCtrl.ComCtl32DLL
 0001:0002584C       CommCtrl.ImageList_Add
 0001:00025884       CommCtrl.ImageList_BeginDrag
 0001:00025834       CommCtrl.ImageList_Create
 0001:0002583C       CommCtrl.ImageList_Destroy
 0001:00025894       CommCtrl.ImageList_DragEnter
 0001:0002589C       CommCtrl.ImageList_DragLeave
 0001:000258A4       CommCtrl.ImageList_DragMove
 0001:000258AC       CommCtrl.ImageList_DragShowNolock
 0001:00025864       CommCtrl.ImageList_Draw
 0001:0002586C       CommCtrl.ImageList_DrawEx
 0001:0002588C       CommCtrl.ImageList_EndDrag
 0001:0002585C       CommCtrl.ImageList_GetBkColor
 0001:000258B4       CommCtrl.ImageList_GetDragImage
 0001:0002587C       CommCtrl.ImageList_GetIcon
 0001:000258CC       CommCtrl.ImageList_GetIconSize
 0001:00025844       CommCtrl.ImageList_GetImageCount
 0001:000258BC       CommCtrl.ImageList_Read
 0001:00025874       CommCtrl.ImageList_Remove
 0001:00025854       CommCtrl.ImageList_SetBkColor
 0001:000258D4       CommCtrl.ImageList_SetIconSize
 0001:000258C4       CommCtrl.ImageList_Write
 0001:000257A0       CommCtrl.InitComCtl
 0001:00025798       CommCtrl.InitCommonControls
 0001:00025800       CommCtrl.InitCommonControlsEx
 0001:00025900       CommCtrl.TreeView_GetChild
 0001:000259B8       CommCtrl.TreeView_GetDropHilite
 0001:00025960       CommCtrl.TreeView_GetFirstVisible
 0001:000258DC       CommCtrl.TreeView_GetItemRect
 0001:00025918       CommCtrl.TreeView_GetNextSibling
 0001:00025974       CommCtrl.TreeView_GetNextVisible
 0001:00025948       CommCtrl.TreeView_GetParent
 0001:00025930       CommCtrl.TreeView_GetPrevSibling
 0001:0002598C       CommCtrl.TreeView_GetPrevVisible
 0001:000259CC       CommCtrl.TreeView_GetRoot
 0001:000259A4       CommCtrl.TreeView_GetSelection
 0001:000259F8       CommCtrl.TreeView_SelectDropTarget
 0001:000259E0       CommCtrl.TreeView_SelectItem
 0001:00025A10       CommCtrl.TreeView_SelectSetFirstVisible
 0004:00003348       CommCtrl._InitCommonControlsEx
 0001:00025A28       CommCtrl._TrackMouseEvent
 0001:0003FC54       CommDlg.ChooseColor
 0001:0003FC5C       CommDlg.ChooseFont
 0001:0003FC44       CommDlg.GetOpenFileName
 0001:0003FC4C       CommDlg.GetSaveFileName
 0001:00023C48       Contnrs..TObjectList
 0001:00023CB0       Contnrs..TOrderedList
 0001:00023D18       Contnrs..TStack
 0001:00023D78       Contnrs.TObjectList.Add
 0001:00023DBC       Contnrs.TObjectList.Create
 0001:00023D80       Contnrs.TObjectList.Create
 0001:00023E00       Contnrs.TObjectList.GetItem
 0001:00023E14       Contnrs.TObjectList.Notify
 0001:00023E40       Contnrs.TObjectList.Remove
 0001:00023E68       Contnrs.TOrderedList.Count
 0001:00023E70       Contnrs.TOrderedList.Create
 0001:00023EB4       Contnrs.TOrderedList.Destroy
 0001:00023E48       Contnrs.TOrderedList.Peek
 0001:00023EE4       Contnrs.TOrderedList.PeekItem
 0001:00023E50       Contnrs.TOrderedList.Pop
 0001:00023EF8       Contnrs.TOrderedList.PopItem
 0001:00023E58       Contnrs.TOrderedList.Push
 0001:00023F18       Contnrs.TStack.PushItem
 0004:00003538       Controls..33
 0001:0004F37C       Controls..TBaseDragControlObject
 0001:00050720       Controls..TControl
 0001:0004F84C       Controls..TControlActionLink
 0001:0004F6C4       Controls..TControlCanvas
 0001:000514E8       Controls..TCustomControl
 0001:0004F764       Controls..TCustomControlAction
 0001:00051D14       Controls..TCustomListControl
 0001:00051EA4       Controls..TCustomMultiSelectListControl
 0001:00051C1C       Controls..TDockTree
 0001:00051AD0       Controls..TDockZone
 0001:0004F440       Controls..TDragControlObject
 0001:0004F4CC       Controls..TDragControlObjectEx
 0001:0004F55C       Controls..TDragDockObject
 0001:0004F624       Controls..TDragDockObjectEx
 0001:000517E4       Controls..TDragImageList
 0001:0004F2D8       Controls..TDragObject
 0001:000513C4       Controls..TGraphicControl
 0001:00051654       Controls..THintWindow
 0001:000518B0       Controls..TImageList
 0001:0004FCB4       Controls..TMargins
 0001:00051CC0       Controls..TMouse
 0001:0004FDCC       Controls..TPadding
 0001:00052560       Controls..TSiteList
 0001:0004FB68       Controls..TSizeConstraints
 0001:00050FB4       Controls..TWinControl
 0001:00050B90       Controls..TWinControlActionLink
 0001:00052BD0       Controls.AbsMin
 0004:0000356C       Controls.ActiveDrag
 0001:00058F20       Controls.AlignWork
 0003:00001848       Controls.AnchorAlign
 0003:0000183C       Controls.AnimateWindowProc
 0003:00001944       Controls.AnimationStyle
 0001:00055B20       Controls.BackgroundClipped
 0001:00062200       Controls.CalcSplitterPos
 0001:00053C74       Controls.CancelDrag
 0004:00003580       Controls.CanvasList
 0003:00001900       Controls.CaptureControl
 0001:00052050       Controls.ChangeBiDiModeAlignment
 0001:000538DC       Controls.CheckUndock
 0001:0005F044       Controls.ClientToWindow
 0004:0000353E       Controls.ControlAtom
 0004:00003544       Controls.ControlAtomString
 0002:000005D0       Controls.Controls
 0003:00001840       Controls.CreationControl
 0003:0000193C       Controls.Ctl3DStyles
 0003:00001850       Controls.Cursors
 0001:000523F8       Controls.CursorToIdent
 0003:00001844       Controls.DefaultDockTreeClass
 0001:00059EAC       Controls.DestroyChildWindow
 0001:00058D94       Controls.DoAlign
 0001:0005D960       Controls.DoCalcConstraints
 0004:00003574       Controls.DockSiteList
 0001:0005AC08       Controls.DoControlMsg
 0001:000531E4       Controls.DoDragOver
 0001:0005FD08       Controls.DoFindControlZone
 0001:00060430       Controls.DoFindZone
 0001:0005FD8C       Controls.DoForEach
 0001:000619D4       Controls.DoGetNextLimit
 0001:00062A0C       Controls.DoneControls
 0001:00058D4C       Controls.DoPosition
 0001:00060EE4       Controls.DoPrune
 0001:000613F8       Controls.DoSaveZone
 0001:000616BC       Controls.DoSetNewBounds
 0001:00059B58       Controls.DoWriteDesignSize
 0001:00056EA0       Controls.DoWriteExplicit
 0001:00056E6C       Controls.DoWriteIsControl
 0004:00003558       Controls.DragCapture
 0004:0000354C       Controls.DragControl
 0001:00053950       Controls.DragDone
 0001:00053194       Controls.DragFindTarget
 0001:00053168       Controls.DragFindWindow
 0004:00003570       Controls.DragImageList
 0001:000535A8       Controls.DragInit
 0001:00053718       Controls.DragInitControl
 0004:00003554       Controls.DragInternalObject
 0001:000530B0       Controls.DragMessage
 0004:00003550       Controls.DragObject
 0004:0000357C       Controls.DragSave
 0004:00003564       Controls.DragSaveCursor
 0004:0000355C       Controls.DragStartPos
 0004:00003568       Controls.DragThreshold
 0001:000532C0       Controls.DragTo
 0001:00060968       Controls.DrawCloseButton
 0001:000609FC       Controls.DrawGrabberLine
 0001:00060A84       Controls.DrawThemedGrabber
 0003:0000192C       Controls.EdgeStyles
 0001:00063048       Controls.Finalization
 0001:000521A8       Controls.FindControl
 0001:00053CC0       Controls.FindDragTarget
 0001:00053C8C       Controls.FindVCLWindow
 0001:00053D84       Controls.FreeDeviceContext
 0001:00053E40       Controls.FreeDeviceContexts
 0001:000524F4       Controls.GetCaptureControl
 0001:00058BBC       Controls.GetClientSize
 0001:0005A2CC       Controls.GetControlAtPos
 0001:00061AB4       Controls.GetDockAlign
 0001:00052F00       Controls.GetDockSiteAtPos
 0001:00053220       Controls.GetDropCtl
 0001:0005FA38       Controls.GetLastChildZone
 0001:0005245C       Controls.GetLongHint
 0001:00052418       Controls.GetShortHint
 0001:00052600       Controls.GetTopParent
 0001:00061B30       Controls.HideZone
 0001:00052408       Controls.IdentToCursor
 0003:0000196C       Controls.IMM32DLL
 0001:000629F8       Controls.Imm32IsIME
 0001:00062A94       Controls.InitControls
 0001:0006269C       Controls.InitIMM32
 0001:00052064       Controls.InitWndProc
 0003:0000190C       Controls.InnerStyles
 0001:00058C1C       Controls.InsertBefore
 0001:00052CB4       Controls.IsBeforeTargetWindow
 0001:00053108       Controls.IsDelphiHandle
 0001:0005F46C       Controls.IsOrientationSet
 0001:00052EBC       Controls.IsSiteChildOfClient
 0001:00052204       Controls.IsVCLControl
 0004:0000352C       Controls.IsVCLControlHook
 0001:00053D0C       Controls.ListAdd
 0001:00053D34       Controls.ListRemove
 0003:00001958       Controls.MakeLast
 0001:00057F64       Controls.MinVar
 0003:00001970       Controls.ModeMap
 0004:00003528       Controls.Mouse
 0001:00053D54       Controls.MoveWindowOrg
 0004:00003534       Controls.NewStyleControls
 0001:0005F450       Controls.NextVisibleZone
 0001:00052174       Controls.ObjectFromHWnd
 0003:00001950       Controls.OrientArray
 0003:0000191C       Controls.OuterStyles
 0001:0005F860       Controls.ParentNotLast
 0001:000524A0       Controls.PerformEraseBackground
 0001:00059B44       Controls.PointsEqual
 0004:00003578       Controls.QualifyingSites
 0001:000605CC       Controls.ReadControlName
 0001:00053054       Controls.RegisterDockSite
 0004:00003548       Controls.RM_GetObjectInstance
 0001:00052234       Controls.SendAppMessage
 0001:0005251C       Controls.SetCaptureControl
 0001:00062920       Controls.SetImeMode
 0003:00001904       Controls.ShowFlags
 0001:00061BB0       Controls.ShowZone
 0003:00001964       Controls.SizeCursors
 0001:000529D0       Controls.TBaseDragControlObject.Assign
 0001:000529AC       Controls.TBaseDragControlObject.Create
 0001:000529FC       Controls.TBaseDragControlObject.EndDrag
 0001:00052A20       Controls.TBaseDragControlObject.Finished
 0001:00057C94       Controls.TControl.ActionChange
 0001:00058084       Controls.TControl.AdjustSize
 0001:00057EB8       Controls.TControl.AssignTo
 0001:00055E80       Controls.TControl.BeginAutoDrag
 0001:00055E9C       Controls.TControl.BeginDrag
 0001:000559B8       Controls.TControl.BringToFront
 0001:000568E4       Controls.TControl.CalcCursorPos
 0001:00056A4C       Controls.TControl.CalcDockSizes
 0001:000567E4       Controls.TControl.CanAutoSize
 0001:000567E8       Controls.TControl.CanResize
 0001:00055350       Controls.TControl.Changed
 0001:00055360       Controls.TControl.ChangeScale
 0001:0005745C       Controls.TControl.CheckNewSize
 0001:00057250       Controls.TControl.Click
 0001:000551D8       Controls.TControl.ClientToScreen
 0001:000579EC       Controls.TControl.CMBiDiModeChanged
 0001:00057918       Controls.TControl.CMColorChanged
 0001:00057B1C       Controls.TControl.CMDesignHitTest
 0001:000578F8       Controls.TControl.CMEnabledChanged
 0001:00057C34       Controls.TControl.CMFloat
 0001:00057908       Controls.TControl.CMFontChanged
 0001:00058110       Controls.TControl.CMHintShow
 0001:00057A9C       Controls.TControl.CMHitTest
 0001:000582C4       Controls.TControl.CMMouseActivate
 0001:00057AA4       Controls.TControl.CMMouseEnter
 0001:00057AE0       Controls.TControl.CMMouseLeave
 0001:0005797C       Controls.TControl.CMMouseWheel
 0001:00057958       Controls.TControl.CMParentBiDiModeChanged
 0001:00057928       Controls.TControl.CMParentColorChanged
 0001:00057A48       Controls.TControl.CMParentFontChanged
 0001:00057A0C       Controls.TControl.CMParentShowHintChanged
 0001:00057A78       Controls.TControl.CMSysFontChanged
 0001:000578D0       Controls.TControl.CMVisibleChanged
 0001:000568B4       Controls.TControl.ConstrainedResize
 0001:000545B0       Controls.TControl.Create
 0001:00057B24       Controls.TControl.CreateFloatingDockSite
 0001:000572BC       Controls.TControl.DblClick
 0001:00056324       Controls.TControl.DefaultDockImage
 0001:00056DC4       Controls.TControl.DefaultHandler
[...]
   509 0001:000C7E34   512 0001:000C7E38   513 0001:000C7E4F   511 0001:000C7E50
   514 0001:000C7E58   519 0001:000C7E7C   521 0001:000C7EA0   524 0001:000C7EA4
   525 0001:000C7EBB   523 0001:000C7EBC   526 0001:000C7EC4   547 0001:000C7EE8
   549 0001:000C7EF1   550 0001:000C7EFB   555 0001:000C7F00   556 0001:000C7F06
   561 0001:000C7F08   563 0001:000C7F11   565 0001:000C7F15   566 0001:000C7F26
   568 0001:000C7F35   569 0001:000C7F39   570 0001:000C7F3B   565 0001:000C7F3C
   571 0001:000C7F3F   576 0001:000C7F4C   581 0001:000C7F54   582 0001:000C7F5F
   583 0001:000C7F70   582 0001:000C7F7E   584 0001:000C7F81   589 0001:000C7F88
   590 0001:000C7FA9   591 0001:000C7FAF   593 0001:000C7FC2   596 0001:000C7FEB
   597 0001:000C7FF6   598 0001:000C8007   597 0001:000C8019   600 0001:000C801C
   601 0001:000C802D   606 0001:000C80DC   608 0001:000C80E4   609 0001:000C80EF
   610 0001:000C8100   609 0001:000C810F   611 0001:000C8112   614 0001:000C8118
   615 0001:000C811E   616 0001:000C8124   618 0001:000C8133   619 0001:000C8136
   622 0001:000C813C   623 0001:000C8145   624 0001:000C8153   627 0001:000C8158
   628 0001:000C8178   629 0001:000C8187   638 0001:000C81A8   639 0001:000C81C2
   641 0001:000C81CD   642 0001:000C81D1   643 0001:000C81D6   644 0001:000C81E8
   645 0001:000C81EC   646 0001:000C81FB   647 0001:000C8213   648 0001:000C8222
   650 0001:000C8231   651 0001:000C8233   650 0001:000C8247   652 0001:000C824C
   657 0001:000C826C   661 0001:000C827F   662 0001:000C8295   664 0001:000C82A3
   665 0001:000C82B2   659 0001:000C82BC   668 0001:000C82C5   673 0001:000C82CF
   674 0001:000C82DD   671 0001:000C82E7   677 0001:000C82F0   680 0001:000C82F8
   684 0001:000C82FC   685 0001:000C830E   682 0001:000C831C   688 0001:000C8329
   689 0001:000C8335   680 0001:000C8336   693 0001:000C833D   692 0001:000C8345
   695 0001:000C8351   697 0001:000C8359   698 0001:000C8366   699 0001:000C83A4
   701 0001:000C83B2   703 0001:000C83BA   705 0001:000C83D2   706 0001:000C83E0
   709 0001:000C8424   710 0001:000C8427   711 0001:000C842D   713 0001:000C8436
   714 0001:000C843A   718 0001:000C8441   719 0001:000C8445   722 0001:000C844A
   725 0001:000C844C   726 0001:000C844F   727 0001:000C8459   730 0001:000C845C
   733 0001:000C845F   734 0001:000C846C   737 0001:000C8470   738 0001:000C8479
   739 0001:000C8483   742 0001:000C8488   743 0001:000C8491   744 0001:000C849E
   747 0001:000C84A4   748 0001:000C84AA   749 0001:000C84AE   751 0001:000C84BA
   753 0001:000C84C2   754 0001:000C84CB   757 0001:000C84D0   758 0001:000C84D6
   759 0001:000C84DD   760 0001:000C84E5   761 0001:000C84ED   763 0001:000C84F5
   764 0001:000C84FC   766 0001:000C8501   767 0001:000C8508   773 0001:000C850C
   775 0001:000C8533   776 0001:000C8535   778 0001:000C853B   781 0001:000C8561
   785 0001:000C8568   788 0001:000C8593   789 0001:000C8599   791 0001:000C85AD
   792 0001:000C85C0   794 0001:000C85C9   795 0001:000C85D7   798 0001:000C8608
   800 0001:000C860B   801 0001:000C863D   802 0001:000C8645   805 0001:000C8649
   806 0001:000C8660   807 0001:000C8668   810 0001:000C866F   812 0001:000C8673
   814 0001:000C867A   816 0001:000C8686   819 0001:000C8688   822 0001:000C868C
   825 0001:000C868E   783 0001:000C868F   827 0001:000C8698   834 0001:000C876C
   837 0001:000C8791   839 0001:000C8795   841 0001:000C8799   843 0001:000C87A4
   844 0001:000C87AB   845 0001:000C87B5   847 0001:000C87CA   848 0001:000C87CE
   849 0001:000C87D0   844 0001:000C87D1   851 0001:000C87D4   853 0001:000C87DA
   839 0001:000C87DD   854 0001:000C87E3   857 0001:000C880C   858 0001:000C8818
   861 0001:000C8822   862 0001:000C8833   867 0001:000C8838   869 0001:000C883C
   870 0001:000C884D   875 0001:000C8850   877 0001:000C885D   878 0001:000C8863
   880 0001:000C8871   881 0001:000C8875   882 0001:000C8879   884 0001:000C8880
   888 0001:000C8882   889 0001:000C8895   896 0001:000C889C   898 0001:000C88E5
   900 0001:000C88E9   904 0001:000C88F0   906 0001:000C8909   909 0001:000C894E
   910 0001:000C8959   911 0001:000C8970   913 0001:000C897D   914 0001:000C898B
   917 0001:000C89BC   919 0001:000C89BF   920 0001:000C89F1   921 0001:000C89F9
   924 0001:000C89FF   925 0001:000C8A16   926 0001:000C8A1E   929 0001:000C8A27
   931 0001:000C8A2D   933 0001:000C8A34   935 0001:000C8A40   938 0001:000C8A44
   941 0001:000C8A46   902 0001:000C8A47   943 0001:000C8A56   965 0001:000C8B40
   966 0001:000C8B5F   967 0001:000C8B6D   970 0001:000C8B6F   971 0001:000C8B7C
   973 0001:000C8B87   974 0001:000C8B95   977 0001:000C8BC3   979 0001:000C8BC5
   980 0001:000C8BF4   981 0001:000C8BFC   984 0001:000C8C00   985 0001:000C8C17
   986 0001:000C8C1F   989 0001:000C8C26   990 0001:000C8C2A   991 0001:000C8C32
   994 0001:000C8D0C   995 0001:000C8D46   996 0001:000C8D54   998 0001:000C8D62
   999 0001:000C8D70  1001 0001:000C8D9E  1002 0001:000C8DAA  1003 0001:000C8DB4
  1004 0001:000C8DBF  1005 0001:000C8DCA  1006 0001:000C8DCF  1011 0001:000C8E34
  1014 0001:000C8E5D  1016 0001:000C8E62  1017 0001:000C8E70  1019 0001:000C8E8A
  1020 0001:000C8E97  1021 0001:000C8E99  1016 0001:000C8E9A  1023 0001:000C8E9D
  1024 0001:000C8EA3  1025 0001:000C8EC7  1028 0001:000C8F14  1029 0001:000C8F49
  1030 0001:000C8F64  1033 0001:000C8F98  1034 0001:000C8FCD  1035 0001:000C8FE8
  1038 0001:000C901C  1039 0001:000C9051  1040 0001:000C906C  1045 0001:000C90A0
  1046 0001:000C90E6  1047 0001:000C90F4  1049 0001:000C9102  1050 0001:000C9110
  1052 0001:000C913E  1053 0001:000C914A  1054 0001:000C9154  1055 0001:000C915F
  1056 0001:000C9175  1057 0001:000C9180  1059 0001:000C9185  1060 0001:000C9194
  1062 0001:000C919C  1063 0001:000C91A6  1068 0001:000C9224  1069 0001:000C9258
  1070 0001:000C9266  1072 0001:000C9274  1073 0001:000C9282  1075 0001:000C92B0
  1076 0001:000C92BC  1077 0001:000C92C6  1078 0001:000C92D1  1079 0001:000C92E4
  1080 0001:000C92E7  1081 0001:000C92F1  1082 0001:000C92FF  1084 0001:000C9309
  1085 0001:000C9313  1093 0001:000C9370  1094 0001:000C9395  1096 0001:000C93A9
  1099 0001:000C93AD  1101 0001:000C93B1  1103 0001:000C93BC  1104 0001:000C93C3
  1105 0001:000C93CD  1107 0001:000C93E2  1108 0001:000C9400  1110 0001:000C940B
  1111 0001:000C941E  1112 0001:000C9427  1113 0001:000C942B  1114 0001:000C942D
  1104 0001:000C942E  1116 0001:000C9431  1118 0001:000C9437  1099 0001:000C943A
  1119 0001:000C9444  1125 0001:000C947C  1126 0001:000C9484  1128 0001:000C9486
  1132 0001:000C948F  1133 0001:000C94AC  1135 0001:000C94B4  1136 0001:000C94C6
  1130 0001:000C94CF  1138 0001:000C94D5  1126 0001:000C94D6  1139 0001:000C94DB
  1142 0001:000C94F4  1144 0001:000C9517  1147 0001:000C9521  1148 0001:000C9525
  1149 0001:000C952C  1156 0001:000C9550  1160 0001:000C958C  1162 0001:000C959A
  1163 0001:000C95AA  1164 0001:000C95C0  1165 0001:000C95D9  1167 0001:000C95F0
  1168 0001:000C95F6  1171 0001:000C9610  1172 0001:000C9628  1175 0001:000C9633
  1176 0001:000C9645  1177 0001:000C964D  1178 0001:000C964F  1163 0001:000C9650
  1179 0001:000C9657  1182 0001:000C9698  1184 0001:000C969B  1185 0001:000C96A3
  1188 0001:000C96A8  1189 0001:000C96B1  1190 0001:000C96BE  1191 0001:000C96C2
  1192 0001:000C96CF  1194 0001:000C96D4  1195 0001:000C96D9  1202 0001:000C96E0
  1205 0001:000C9708  1207 0001:000C971E  1208 0001:000C9755  1210 0001:000C9764
  1211 0001:000C9772  1212 0001:000C9784  1213 0001:000C979D  1211 0001:000C97B2
  1215 0001:000C97B5  1217 0001:000C97C2  1219 0001:000C97D0  1221 0001:000C97DC
  1222 0001:000C97FC  1223 0001:000C9805  1217 0001:000C9806  1225 0001:000C9816
  1227 0001:000C9826  1235 0001:000C989C  1238 0001:000C98BF  1240 0001:000C98F9
  1242 0001:000C9904  1244 0001:000C993F  1246 0001:000C994D  1248 0001:000C9953
  1250 0001:000C9965  1251 0001:000C9971  1252 0001:000C99C6  1248 0001:000C99C7
  1256 0001:000C99CC  1258 0001:000C99DA  1259 0001:000C99E6  1260 0001:000C9A31
  1256 0001:000C9A32  1262 0001:000C9A35  1240 0001:000C9A3C  1264 0001:000C9A46
  1265 0001:000C9A4F  1266 0001:000C9A86  1284 0001:000C9BC4  1285 0001:000C9BC9
  1286 0001:000C9BCE  1290 0001:000C9BD0  1291 0001:000C9BD5  1292 0001:000C9BDA
  1296 0001:000C9BDC  1297 0001:000C9BE1  1298 0001:000C9BE8  1302 0001:000C9BEC
  1303 0001:000C9BF0  1304 0001:000C9BF7  1311 0001:000C9BF8  1315 0001:000C9C21
  1316 0001:000C9C3C  1318 0001:000C9C4D  1319 0001:000C9C5A  1321 0001:000C9C5F
  1322 0001:000C9C90  1324 0001:000C9C95  1325 0001:000C9CBC  1327 0001:000C9CC1
  1328 0001:000C9CE3  1332 0001:000C9CE8  1333 0001:000C9CED  1334 0001:000C9D09
  1316 0001:000C9D0C  1335 0001:000C9D13  1342 0001:000C9D40  1343 0001:000C9D63
  1344 0001:000C9D6E  1345 0001:000C9D7A  1346 0001:000C9D8B  1347 0001:000C9DA4
  1354 0001:000C9DD0  1357 0001:000C9DF0  1358 0001:000C9DFC  1359 0001:000C9E07
  1360 0001:000C9E0B  1363 0001:000C9E1A  1364 0001:000C9E29  1366 0001:000C9E3E
  1391 0001:000C9E6C  1393 0001:000C9E73  1394 0001:000C9E79  1396 0001:000C9E87
  1397 0001:000C9EAD  1400 0001:000C9EBC  1401 0001:000C9ECA  1402 0001:000C9ED3
  1403 0001:000C9ED7  1404 0001:000C9EEA  1406 0001:000C9EF0  1407 0001:000C9EF6
  1408 0001:000C9EFC  1410 0001:000C9F0A  1411 0001:000C9F30  1413 0001:000C9F3F
  1414 0001:000C9F52  1415 0001:000C9F58  1416 0001:000C9F7F  1418 0001:000C9F8D
  1419 0001:000C9F91  1421 0001:000C9F96  1424 0001:000C9FA4  1425 0001:000C9FB1
  1428 0001:000C9FB5  1429 0001:000C9FBB  1430 0001:000C9FBE  1431 0001:000C9FC3
  1432 0001:000C9FC8  1433 0001:000C9FE7  1434 0001:000C9FEC  1435 0001:000C9FEF
  1439 0001:000C9FF4  1442 0001:000C9FF9  1444 0001:000CA00D  1447 0001:000CA012
  1448 0001:000CA020  1450 0001:000CA03A  1453 0001:000CA03F  1455 0001:000CA05C
  1458 0001:000CA061  1459 0001:000CA06F  1461 0001:000CA08A  1422 0001:000CA08D
  1468 0001:000CA09F  1469 0001:000CA0AA  1470 0001:000CA0BD  1468 0001:000CA0C3
  1473 0001:000CA0CE  1480 0001:000CA0FC  1481 0001:000CA11D  1482 0001:000CA123
  1483 0001:000CA12B  1485 0001:000CA139  1486 0001:000CA153  1490 0001:000CA157
  1492 0001:000CA16E  1494 0001:000CA180  1496 0001:000CA190  1497 0001:000CA1B3
  1498 0001:000CA1CC  1499 0001:000CA1CE  1500 0001:000CA1D2  1502 0001:000CA200
  1504 0001:000CA202  1505 0001:000CA266  1508 0001:000CA26A  1509 0001:000CA2CB
  1511 0001:000CA2D2  1512 0001:000CA2D6  1514 0001:000CA2DB  1515 0001:000CA2E3
  1517 0001:000CA2E7  1523 0001:000CA3AC  1525 0001:000CA3D4  1527 0001:000CA3D6
  1528 0001:000CA3E7  1529 0001:000CA3EB  1530 0001:000CA3F3  1532 0001:000CA3F5
  1533 0001:000CA3F9  1535 0001:000CA427  1536 0001:000CA45C  1538 0001:000CA46A
  1539 0001:000CA476  1541 0001:000CA488  1543 0001:000CA49F  1544 0001:000CA4B4
  1546 0001:000CA4B6  1539 0001:000CA4B7  1548 0001:000CA4BA  1549 0001:000CA4E8
  1552 0001:000CA55C  1553 0001:000CA57C  1554 0001:000CA587  1555 0001:000CA591
  1558 0001:000CA5B4  1559 0001:000CA5BA  1560 0001:000CA5C6  1562 0001:000CA5DC
  1563 0001:000CA5E7  1566 0001:000CA60C  1567 0001:000CA60F  1568 0001:000CA617
  1571 0001:000CA61C  1572 0001:000CA625  1573 0001:000CA62C  1574 0001:000CA636

Line numbers for Script(Script.pas) segment .itext

  1576 0002:00000830

Line numbers for FormMain(FormMain.pas) segment .text

   161 0001:000CACB8   162 0001:000CACDD   164 0001:000CACE6   165 0001:000CACF2
   166 0001:000CAD16   167 0001:000CAD1D   168 0001:000CAD2A   171 0001:000CAD64
   172 0001:000CAD7D   173 0001:000CAD8A   174 0001:000CADA7   190 0001:000CADE0
   193 0001:000CADE6   194 0001:000CADFB   197 0001:000CAE00   200 0001:000CAE03
   201 0001:000CAE0F   204 0001:000CAE14   205 0001:000CAE17   206 0001:000CAE25
   209 0001:000CAE28   210 0001:000CAE2B   211 0001:000CAE37   214 0001:000CAE3C
   215 0001:000CAE3F   216 0001:000CAE5C   221 0001:000CAE60   223 0001:000CAE7A
   224 0001:000CAE85   225 0001:000CAE92   226 0001:000CAEB3   231 0001:000CAEF0
   232 0001:000CAF08   234 0001:000CAF11   235 0001:000CAF21   238 0001:000CAF26
   239 0001:000CAF47   240 0001:000CAF5A   241 0001:000CAF6F   242 0001:000CAF82
   244 0001:000CAF89   246 0001:000CAF98   247 0001:000CAFA6   248 0001:000CAFB3
   252 0001:000CAFC4   254 0001:000CAFCF   255 0001:000CAFD6   258 0001:000CB074
   259 0001:000CB07A   260 0001:000CB08F   268 0001:000CB094   269 0001:000CB0B9
   271 0001:000CB0C6   272 0001:000CB0DB   276 0001:000CB0E0   277 0001:000CB0F3
   278 0001:000CB108   279 0001:000CB11B   281 0001:000CB12C   283 0001:000CB13F
   284 0001:000CB14D   286 0001:000CB15A   288 0001:000CB166   292 0001:000CB1B1
   294 0001:000CB1BF   297 0001:000CB1CA   298 0001:000CB1D3   301 0001:000CB1ED
   303 0001:000CB208   305 0001:000CB21C   307 0001:000CB22A   309 0001:000CB2FE
   310 0001:000CB30C   311 0001:000CB3C9   312 0001:000CB3D7   313 0001:000CB494
   314 0001:000CB4A2   315 0001:000CB55F   316 0001:000CB56D   317 0001:000CB62A
   318 0001:000CB638   320 0001:000CB6EF   322 0001:000CB709   301 0001:000CB70A
   324 0001:000CB711   325 0001:000CB721   328 0001:000CB72B   331 0001:000CB8DC
   333 0001:000CB8F4   334 0001:000CB915   335 0001:000CB928   336 0001:000CB938
   338 0001:000CB94B   339 0001:000CB95A   340 0001:000CB977   346 0001:000CBA10
   348 0001:000CBA14   350 0001:000CBA16   351 0001:000CBA1D   352 0001:000CBA22
   350 0001:000CBA27   354 0001:000CBA2A   356 0001:000CBA2E   357 0001:000CBA34
   358 0001:000CBA39   359 0001:000CBA40   360 0001:000CBA46   361 0001:000CBA4D
   362 0001:000CBA53   363 0001:000CBA5A   364 0001:000CBA60   365 0001:000CBA67
   366 0001:000CBA6D   367 0001:000CBA74   369 0001:000CBA78   384 0001:000CBA7C
   385 0001:000CBAD0   387 0001:000CBADD   388 0001:000CBAF2   392 0001:000CBAF7
   393 0001:000CBB0A   394 0001:000CBB1F   395 0001:000CBB32   397 0001:000CBB43
   399 0001:000CBB56   401 0001:000CBB78   404 0001:000CBB83   405 0001:000CBB90
   410 0001:000CBBAA   411 0001:000CBBC8   413 0001:000CBBE7   415 0001:000CBBEB
   416 0001:000CBC00   417 0001:000CBC10   420 0001:000CBC15   422 0001:000CBC29
   423 0001:000CBC48   425 0001:000CBC66   427 0001:000CBC75   428 0001:000CBC94
   430 0001:000CBCB2   432 0001:000CBCC1   433 0001:000CBCE0   435 0001:000CBCFE
   437 0001:000CBD0D   438 0001:000CBD2C   440 0001:000CBD4A   442 0001:000CBD59
   443 0001:000CBD78   445 0001:000CBD8E   447 0001:000CBD9D   448 0001:000CBDBC
   449 0001:000CBDD2   456 0001:000CBDE1   457 0001:000CBDEA   459 0001:000CBDF1
   460 0001:000CBE0B   408 0001:000CBE19   463 0001:000CBE31   466 0001:000CBE41
   467 0001:000CBE50   468 0001:000CBE5C   470 0001:000CBE6B   473 0001:000CBE75
   479 0001:000CBFF0   480 0001:000CC017   482 0001:000CC024   483 0001:000CC039
   487 0001:000CC03E   488 0001:000CC051   489 0001:000CC066   490 0001:000CC079
   492 0001:000CC08A   494 0001:000CC09D   495 0001:000CC0AB   497 0001:000CC0B8
   499 0001:000CC0C4   503 0001:000CC10F   505 0001:000CC11D   507 0001:000CC128
   509 0001:000CC131   510 0001:000CC146   513 0001:000CC148   514 0001:000CC156
   516 0001:000CC177   517 0001:000CC18C   520 0001:000CC19C   521 0001:000CC1A7
   524 0001:000CC1B1   533 0001:000CC358   534 0001:000CC385   536 0001:000CC392
   537 0001:000CC3A7   541 0001:000CC3AC   542 0001:000CC3BF   543 0001:000CC3D4
   544 0001:000CC3E7   546 0001:000CC3F8   548 0001:000CC40B   549 0001:000CC419
   551 0001:000CC426   553 0001:000CC432   557 0001:000CC47D   559 0001:000CC48B
   561 0001:000CC496   563 0001:000CC49F   564 0001:000CC4B4   567 0001:000CC4B9
   569 0001:000CC4D4   570 0001:000CC4E8   572 0001:000CC4F8   574 0001:000CC508
   576 0001:000CC52B   578 0001:000CC534   579 0001:000CC549   580 0001:000CC554
   584 0001:000CC556   585 0001:000CC55D   567 0001:000CC55E   587 0001:000CC565
   588 0001:000CC570   591 0001:000CC57A   594 0001:000CC730   595 0001:000CC74D
   597 0001:000CC75A   598 0001:000CC76F   602 0001:000CC774   603 0001:000CC787
   604 0001:000CC7AE   605 0001:000CC7C1   607 0001:000CC7D2   609 0001:000CC7E5
   610 0001:000CC7FF   613 0001:000CC84E   614 0001:000CC85C   616 0001:000CC881
   617 0001:000CC896   620 0001:000CC8A2   622 0001:000CC8B7   629 0001:000CCA6C
   632 0001:000CCA88   634 0001:000CCA95   635 0001:000CCAAA   638 0001:000CCAAF
   639 0001:000CCAC2   640 0001:000CCAE9   641 0001:000CCAFC   643 0001:000CCB0D
   645 0001:000CCB20   646 0001:000CCB3C   648 0001:000CCB3E   649 0001:000CCB4C
   651 0001:000CCB75   652 0001:000CCB8A   655 0001:000CCB91   658 0001:000CCB95
   659 0001:000CCBA4   660 0001:000CCBB0   663 0001:000CCBBF   666 0001:000CCD98
   667 0001:000CCD9E   668 0001:000CCDB3   671 0001:000CCDB8   672 0001:000CCDBB
   673 0001:000CCDCF   676 0001:000CCDE0   677 0001:000CCDE3   678 0001:000CCDF7
   686 0001:000CCE08   687 0001:000CCE11   689 0001:000CCE21   690 0001:000CCE2D
   691 0001:000CCE38   692 0001:000CCE44   693 0001:000CCE4D   696 0001:000CCE54
   697 0001:000CCE5A   698 0001:000CCE61   699 0001:000CCE6A   702 0001:000CCE70
   703 0001:000CCE73   704 0001:000CCE83   709 0001:000CCE88   710 0001:000CCEA2
   711 0001:000CCEB2   712 0001:000CCEC6   713 0001:000CCED6   715 0001:000CCEDC
   716 0001:000CCEE9   717 0001:000CCEF6   718 0001:000CCF03   723 0001:000CCF28
   724 0001:000CCF34   725 0001:000CCF49   727 0001:000CCF61   728 0001:000CCF73
   729 0001:000CCF75   724 0001:000CCF76   731 0001:000CCF79   732 0001:000CCF92
   733 0001:000CCFAB   736 0001:000CCFB4   737 0001:000CCFB7   738 0001:000CCFC9
   740 0001:000CCFF9

Line numbers for TWXProxy(C:\Projects\Tradewars\TWXProxy\TWXProxy\Source\TWXProxy-MB\TWXProxy.dpr) segment .text

    85 0001:000CD028    86 0001:000CD03F    88 0001:000CD065    91 0001:000CD07F
    99 0001:000CD08D   100 0001:000CD0C4   101 0001:000CD0DE   102 0001:000CD0F8
   103 0001:000CD112   104 0001:000CD129   105 0001:000CD140   106 0001:000CD157
   107 0001:000CD16E   108 0001:000CD185   110 0001:000CD19A   122 0001:000CD1D0
   123 0001:000CD202   124 0001:000CD212   125 0001:000CD217   127 0001:000CD232
   128 0001:000CD243   131 0001:000CD260   132 0001:000CD285   134 0001:000CD2A6
   135 0001:000CD2CB   137 0001:000CD2EC   138 0001:000CD311   140 0001:000CD332
   141 0001:000CD34B   144 0001:000CD35D   145 0001:000CD35F   144 0001:000CD367
   147 0001:000CD36C   150 0001:000CD376   153 0001:000CD385   154 0001:000CD392
   157 0001:000CD3B1   159 0001:000CD3F6   164 0001:000CD436   167 0001:000CD445
   169 0001:000CD459   170 0001:000CD463   173 0001:000CD480   174 0001:000CD495
   175 0001:000CD4A4   177 0001:000CD4AF   181 0001:000CD4B4   183 0001:000CD4C5
   185 0001:000CD4CB   187 0001:000CD4DA   189 0001:000CD509   192 0001:000CD518
   195 0001:000CD528   197 0001:000CD537   198 0001:000CD545   201 0001:000CD570
   204 0001:000CD58C   209 0001:000CD599   151 0001:000CD59F   211 0001:000CD5B0
   214 0001:000CD6FC   215 0001:000CD6FF   221 0001:000CD709   222 0001:000CD715
   223 0001:000CD721   224 0001:000CD72D   225 0001:000CD739   226 0001:000CD745
   227 0001:000CD751   228 0001:000CD75D   229 0001:000CD769   231 0001:000CD775
   232 0001:000CD77F   237 0001:000CD784   238 0001:000CD790   240 0001:000CD7A2
   242 0001:000CD7AB   247 0001:000CD7B7   248 0001:000CD7C5   249 0001:000CD7CE
   252 0001:000CD7D8   254 0001:000CD7DB

Line numbers for TWXProxy(C:\Projects\Tradewars\TWXProxy\TWXProxy\Source\TWXProxy-MB\TWXProxy.dpr) segment .itext

   256 0002:00000838   261 0002:0000086F   262 0002:00000876   263 0002:00000882
   264 0002:0000089F   266 0002:000008A4   267 0002:000008B1   269 0002:000008CD
   271 0002:000008DD   273 0002:000008E9   276 0002:000008F7   277 0002:000008FE
   279 0002:00000916   281 0002:00000923

Bound resource files

c:\program files (x86)\borland\bds\4.0\lib\Controls.res
c:\program files (x86)\borland\bds\4.0\lib\Buttons.res
c:\program files (x86)\borland\bds\4.0\lib\FileCtrl.res
c:\program files (x86)\borland\bds\4.0\lib\ExtDlgs.res
FormHistory.DFM
FormLicense.DFM
FormSetup.DFM
FormAbout.DFM
FormMain.DFM
TWXProxy.RES
TWXProxy.drf


Program entry point at 0002:00000838
